******************************************************************************
            TI ARM Clang Linker PC v4.0.0                      
******************************************************************************
>> Linked Fri May 16 15:14:28 2025

OUTPUT FILE NAME:   <02_Simple_Circuit_CH_Tester.out>
ENTRY POINT SYMBOL: "_c_int00_noargs"  address: 00003cb9


MEMORY CONFIGURATION

         name            origin    length      used     unused   attr    fill
----------------------  --------  ---------  --------  --------  ----  --------
  FLASH                 00000000   00020000  000045a8  0001ba58  R  X
  SRAM                  20200000   00008000  000004cd  00007b33  RW X
  BCR_CONFIG            41c00000   000000ff  00000000  000000ff  R   
  BSL_CONFIG            41c00100   00000080  00000000  00000080  R   


SEGMENT ALLOCATION MAP

run origin  load origin   length   init length attrs members
----------  ----------- ---------- ----------- ----- -------
00000000    00000000    000045a8   000045a8    r-x
  00000000    00000000    000000c0   000000c0    r-- .intvecs
  000000c0    000000c0    00004230   00004230    r-x .text
  000042f0    000042f0    00000280   00000280    r-- .rodata
  00004570    00004570    00000038   00000038    r-- .cinit
20200000    20200000    000002cf   00000000    rw-
  20200000    20200000    00000282   00000000    rw- .bss
  20200284    20200284    0000004b   00000000    rw- .data
20207e00    20207e00    00000200   00000000    rw-
  20207e00    20207e00    00000200   00000000    rw- .stack


SECTION ALLOCATION MAP

 output                                  attributes/
section   page    origin      length       input sections
--------  ----  ----------  ----------   ----------------
.intvecs   0    00000000    000000c0     
                  00000000    000000c0     startup_mspm0g350x_ticlang.o (.intvecs)

.text      0    000000c0    00004230     
                  000000c0    000009d0     libc.a : _printfi.c.obj (.text:__TI_printfi)
                  00000a90    00000360            : strtof.c.obj (.text.strtof)
                  00000df0    000002e0            : e_log10.c.obj (.text.log10)
                  000010d0    00000220            : _printfi.c.obj (.text._pconv_a)
                  000012f0    000001f0     UserTask.o (.text.PlotAmpFreq)
                  000014e0    000001dc     libc.a : _printfi.c.obj (.text._pconv_g)
                  000016bc    000001c4     UserTask.o (.text.CalOutputImp)
                  00001880    00000194     libc.a : e_log10f.c.obj (.text.log10f)
                  00001a14    00000192     libclang_rt.builtins.a : adddf3.S.obj (.text.adddf3_subdf3)
                  00001ba6    00000002                            : aeabi_div0.c.obj (.text.__aeabi_idiv0)
                  00001ba8    0000013c     libc.a : _printfi.c.obj (.text.fcvt)
                  00001ce4    00000120            : _printfi.c.obj (.text._pconv_e)
                  00001e04    00000110     UserTask.o (.text.CalInputImp)
                  00001f14    0000010c     libclang_rt.builtins.a : divdf3.S.obj (.text.__divdf3)
                  00002020    00000100     BTN.o (.text.BTN_getData)
                  00002120    00000100     UserTask.o (.text.CalGain)
                  00002220    000000f0     ti_msp_dl_config.o (.text.SYSCFG_DL_GPIO_init)
                  00002310    000000e4     libclang_rt.builtins.a : muldf3.S.obj (.text.__muldf3)
                  000023f4    000000e0     Tick.o (.text.SysTick_Handler)
                  000024d4    000000dc     driverlib.a : dl_sysctl_mspm0g1x0x_g3x0x.o (.text.DL_SYSCTL_configSYSPLL)
                  000025b0    000000d8     libc.a : s_scalbn.c.obj (.text.scalbn)
                  00002688    000000d8     libclang_rt.builtins.a : addsf3.S.obj (.text)
                  00002760    000000b0     libc.a : s_scalbnf.c.obj (.text.scalbnf)
                  00002810    000000a4     UserTask.o (.text.get_3dbcutoff_freq)
                  000028b4    000000a2     libclang_rt.builtins.a : udivmoddi4.S.obj (.text)
                  00002956    00000002                            : aeabi_div0.c.obj (.text.__aeabi_ldiv0)
                  00002958    0000009c     Simple_Circuit_CH_Tester.o (.text.UART0_IRQHandler)
                  000029f4    00000090     UserTask.o (.text.Param_update)
                  00002a84    0000008c     libclang_rt.builtins.a : mulsf3.S.obj (.text.__mulsf3)
                  00002b10    00000084     UserTask.o (.text.BTNScan)
                  00002b94    00000084     ti_msp_dl_config.o (.text.SYSCFG_DL_ADC12_0_init)
                  00002c18    00000084     ti_msp_dl_config.o (.text.__NVIC_SetPriority)
                  00002c9c    00000082     libclang_rt.builtins.a : divsf3.S.obj (.text.__divsf3)
                  00002d1e    00000002     --HOLE-- [fill = 0]
                  00002d20    0000007c     ti_msp_dl_config.o (.text.SYSCFG_DL_initPower)
                  00002d9c    0000007c     libc.a : copy_decompress_lzss.c.obj (.text:decompress:lzss)
                  00002e18    00000074     libclang_rt.builtins.a : comparedf2.c.obj (.text.__gedf2)
                  00002e8c    00000004     startup_mspm0g350x_ticlang.o (.text.Default_Handler)
                  00002e90    00000074     libclang_rt.builtins.a : truncdfsf2.S.obj (.text.__truncdfsf2)
                  00002f04    00000068                            : comparedf2.c.obj (.text.__ledf2)
                  00002f6c    00000066     libc.a : _printfi.c.obj (.text._mcpy)
                  00002fd2    00000002     --HOLE-- [fill = 0]
                  00002fd4    00000062     libclang_rt.builtins.a : aeabi_dcmp.S.obj (.text.__aeabi_dcmp)
                  00003036    00000002     --HOLE-- [fill = 0]
                  00003038    00000062                            : aeabi_fcmp.S.obj (.text.__aeabi_fcmp)
                  0000309a    00000002     --HOLE-- [fill = 0]
                  0000309c    00000060     ti_msp_dl_config.o (.text.DL_ADC12_initSeqSample)
                  000030fc    00000060     UserTask.o (.text.mapGainToY)
                  0000315c    0000005c     libc.a : s_frexp.c.obj (.text.frexp)
                  000031b8    0000005c     UserTask.o (.text.mapFreqToX)
                  00003214    00000058     libc.a : _ltoa.c.obj (.text.__TI_ltoa)
                  0000326c    00000058            : _printfi.c.obj (.text._pconv_f)
                  000032c4    00000056     libclang_rt.builtins.a : aeabi_idivmod.S.obj (.text.__aeabi_idivmod)
                  0000331a    00000002     --HOLE-- [fill = 0]
                  0000331c    00000054     ti_msp_dl_config.o (.text.SYSCFG_DL_UART_2_init)
                  00003370    00000052     libc.a : _printfi.c.obj (.text._ecpy)
                  000033c2    00000002     --HOLE-- [fill = 0]
                  000033c4    00000050     ti_msp_dl_config.o (.text.SysTick_Config)
                  00003414    00000050     UserTask.o (.text.TaskScan)
                  00003464    0000004c     ti_msp_dl_config.o (.text.DL_UART_setBaudRateDivisor)
                  000034b0    0000004c     ti_msp_dl_config.o (.text.SYSCFG_DL_SYSCTL_init)
                  000034fc    0000004a     ti_msp_dl_config.o (.text.DL_ADC12_configConversionMem)
                  00003546    00000002     --HOLE-- [fill = 0]
                  00003548    0000004a     libclang_rt.builtins.a : fixdfsi.S.obj (.text.__fixdfsi)
                  00003592    00000002     --HOLE-- [fill = 0]
                  00003594    00000048     driverlib.a : dl_uart.o (.text.DL_UART_init)
                  000035dc    00000044                 : dl_sysctl_mspm0g1x0x_g3x0x.o (.text.DL_SYSCTL_switchMCLKfromSYSOSCtoHSCLK)
                  00003620    00000040     UserTask.o (.text.AD8310_Map)
                  00003660    00000040     driverlib.a : dl_adc12.o (.text.DL_ADC12_setClockConfig)
                  000036a0    00000040     ti_msp_dl_config.o (.text.SYSCFG_DL_UART_0_init)
                  000036e0    00000040     ti_msp_dl_config.o (.text.SYSCFG_DL_UART_1_init)
                  00003720    00000040     libclang_rt.builtins.a : aeabi_uidivmod.S.obj (.text.__aeabi_uidivmod)
                  00003760    00000040                            : extendsfdf2.S.obj (.text.__extendsfdf2)
                  000037a0    00000040     libc.a : atoi.c.obj (.text.atoi)
                  000037e0    00000040     GUI.o (.text.draw_line)
                  00003820    0000003c     libclang_rt.builtins.a : floatsisf.S.obj (.text.__floatsisf)
                  0000385c    0000003c                            : comparesf2.S.obj (.text.__gtsf2)
                  00003898    0000003c     UART.o (.text.sendNum)
                  000038d4    0000003c     libc.a : autoinit.c.obj (.text:__TI_auto_init_nobinit_nopinit)
                  00003910    0000003a     libclang_rt.builtins.a : comparesf2.S.obj (.text.__eqsf2)
                  0000394a    00000002     --HOLE-- [fill = 0]
                  0000394c    0000003a                            : muldsi3.S.obj (.text.__muldsi3)
                  00003986    00000002     --HOLE-- [fill = 0]
                  00003988    00000038                            : fixsfsi.S.obj (.text.__fixsfsi)
                  000039c0    00000038     GUI.o (.text.draw_dot)
                  000039f8    00000038     libc.a : sprintf.c.obj (.text.sprintf)
                  00003a30    00000034     ti_msp_dl_config.o (.text.DL_GPIO_initDigitalInputFeatures)
                  00003a64    00000034     Simple_Circuit_CH_Tester.o (.text.__NVIC_DisableIRQ)
                  00003a98    00000034     UserTask.o (.text.__NVIC_DisableIRQ)
                  00003acc    00000030     Simple_Circuit_CH_Tester.o (.text.ADC1_IRQHandler)
                  00003afc    00000030     UserTask.o (.text.DL_ADC12_getMemResult)
                  00003b2c    00000030     ti_msp_dl_config.o (.text.DL_GPIO_initDigitalOutputFeatures)
                  00003b5c    00000030     libc.a : _printfi.c.obj (.text._fcpy)
                  00003b8c    00000030     UserTask.o (.text.parse_rx_buffer)
                  00003bbc    0000002c     UserTask.o (.text.__NVIC_EnableIRQ)
                  00003be8    0000002c     libclang_rt.builtins.a : floatsidf.S.obj (.text.__floatsidf)
                  00003c14    0000002a     UART.o (.text.sendString)
                  00003c3e    00000028     ti_msp_dl_config.o (.text.DL_Common_updateReg)
                  00003c66    00000002     --HOLE-- [fill = 0]
                  00003c68    00000028     libclang_rt.builtins.a : floatunsisf.S.obj (.text.__floatunsisf)
                  00003c90    00000028     UART.o (.text.sendData)
                  00003cb8    00000028     libc.a : boot_cortex_m.c.obj (.text:_c_int00_noargs)
                  00003ce0    00000024     ti_msp_dl_config.o (.text.SYSCFG_DL_init)
                  00003d04    00000024     libclang_rt.builtins.a : muldi3.S.obj (.text.__muldi3)
                  00003d28    00000024     Tick.o (.text.delay_ms)
                  00003d4c    00000022     libc.a : memccpy.c.obj (.text.memccpy)
                  00003d6e    00000002     --HOLE-- [fill = 0]
                  00003d70    00000020     ti_msp_dl_config.o (.text.DL_GPIO_initPeripheralInputFunction)
                  00003d90    00000020     ti_msp_dl_config.o (.text.DL_SYSCTL_setFlashWaitState)
                  00003db0    00000020     ti_msp_dl_config.o (.text.DL_SYSCTL_setMFPCLKSource)
                  00003dd0    0000001e     ti_msp_dl_config.o (.text.DL_UART_setOversampling)
                  00003dee    00000002     --HOLE-- [fill = 0]
                  00003df0    0000001e     libclang_rt.builtins.a : ashldi3.S.obj (.text.__ashldi3)
                  00003e0e    00000002     --HOLE-- [fill = 0]
                  00003e10    0000001c     ti_msp_dl_config.o (.text.DL_ADC12_clearInterruptStatus)
                  00003e2c    0000001c     ti_msp_dl_config.o (.text.DL_ADC12_enableInterrupt)
                  00003e48    0000001c     UserTask.o (.text.DL_ADC12_startConversion)
                  00003e64    0000001c     ti_msp_dl_config.o (.text.DL_GPIO_initPeripheralOutputFunction)
                  00003e80    0000001c     ti_msp_dl_config.o (.text.DL_SYSCTL_setSYSOSCFreq)
                  00003e9c    0000001c     ti_msp_dl_config.o (.text.DL_SYSCTL_setULPCLKDivider)
                  00003eb8    0000001c     ti_msp_dl_config.o (.text.DL_UART_enableInterrupt)
                  00003ed4    00000018     ti_msp_dl_config.o (.text.DL_ADC12_enablePower)
                  00003eec    00000018     ti_msp_dl_config.o (.text.DL_ADC12_reset)
                  00003f04    00000018     ti_msp_dl_config.o (.text.DL_GPIO_enableOutput)
                  00003f1c    00000018     ti_msp_dl_config.o (.text.DL_GPIO_enablePower)
                  00003f34    00000018     ti_msp_dl_config.o (.text.DL_GPIO_initDigitalOutput)
                  00003f4c    00000018     ti_msp_dl_config.o (.text.DL_GPIO_reset)
                  00003f64    00000018     UserTask.o (.text.DL_GPIO_setPins)
                  00003f7c    00000018     ti_msp_dl_config.o (.text.DL_GPIO_setPins)
                  00003f94    00000018     Simple_Circuit_CH_Tester.o (.text.DL_GPIO_togglePins)
                  00003fac    00000018     UserTask.o (.text.DL_GPIO_togglePins)
                  00003fc4    00000018     ti_msp_dl_config.o (.text.DL_SYSCTL_setBORThreshold)
                  00003fdc    00000018     ti_msp_dl_config.o (.text.DL_SYSCTL_setHFCLKSourceHFCLKIN)
                  00003ff4    00000018     ti_msp_dl_config.o (.text.DL_UART_enablePower)
                  0000400c    00000018     UART.o (.text.DL_UART_isBusy)
                  00004024    00000018     ti_msp_dl_config.o (.text.DL_UART_reset)
                  0000403c    00000018     libc.a : sprintf.c.obj (.text._outs)
                  00004054    00000018     Simple_Circuit_CH_Tester.o (.text.main)
                  0000406c    00000016     UserTask.o (.text.DL_ADC12_enableConversions)
                  00004082    00000016     ti_msp_dl_config.o (.text.DL_ADC12_enableConversions)
                  00004098    00000016     BTN.o (.text.DL_GPIO_readPins)
                  000040ae    00000016     Tick.o (.text.DL_GPIO_readPins)
                  000040c4    00000016     ti_msp_dl_config.o (.text.DL_UART_enable)
                  000040da    00000016     UART.o (.text.DL_UART_transmitData)
                  000040f0    00000016     libc.a : copy_zero_init.c.obj (.text:decompress:ZI:__TI_zero_init_nomemset)
                  00004106    00000014     UserTask.o (.text.DL_GPIO_clearPins)
                  0000411a    00000014     ti_msp_dl_config.o (.text.DL_GPIO_clearPins)
                  0000412e    00000002     --HOLE-- [fill = 0]
                  00004130    00000014     ti_msp_dl_config.o (.text.DL_SYSCTL_disableSYSPLL)
                  00004144    00000014     Simple_Circuit_CH_Tester.o (.text.DL_UART_receiveData)
                  00004158    00000014     libclang_rt.builtins.a : aeabi_uldivmod.S.obj (.text.__aeabi_uldivmod)
                  0000416c    00000014     libc.a : _printfi.c.obj (.text.strchr)
                  00004180    00000014            : strchr.c.obj (.text.strchr)
                  00004194    00000012     Simple_Circuit_CH_Tester.o (.text.DL_ADC12_getPendingInterrupt)
                  000041a6    00000012     Simple_Circuit_CH_Tester.o (.text.DL_UART_getPendingInterrupt)
                  000041b8    00000012     driverlib.a : dl_uart.o (.text.DL_UART_setClockConfig)
                  000041ca    00000012     libc.a : memcpy16.S.obj (.text:TI_memcpy_small)
                  000041dc    00000012            : copy_decompress_none.c.obj (.text:decompress:none)
                  000041ee    00000002     --HOLE-- [fill = 0]
                  000041f0    00000010     ti_msp_dl_config.o (.text.DL_SYSCTL_disableHFXT)
                  00004200    00000010     ti_msp_dl_config.o (.text.DL_SYSCTL_enableMFPCLK)
                  00004210    00000010     ti_msp_dl_config.o (.text.SYSCFG_DL_SYSTICK_init)
                  00004220    00000010     libc.a : wcslen.c.obj (.text.wcslen)
                  00004230    0000000e     libclang_rt.builtins.a : aeabi_memset.S.obj (.text.__aeabi_memset)
                  0000423e    0000000e     libc.a : _printfi.c.obj (.text.strlen)
                  0000424c    0000000e            : memset16.S.obj (.text:TI_memset_small)
                  0000425a    0000000a     driverlib.a : dl_common.o (.text.DL_Common_delayCycles)
                  00004264    0000000a     libc.a : _printfi.c.obj (.text.OUTLINED_FUNCTION_0)
                  0000426e    00000002     --HOLE-- [fill = 0]
                  00004270    00000010     libclang_rt.builtins.a : adddf3.S.obj (.tramp.__aeabi_dsub.1)
                  00004280    0000000a     libc.a : e_log10.c.obj (.text.OUTLINED_FUNCTION_0)
                  0000428a    00000002     --HOLE-- [fill = 0]
                  0000428c    00000010     libclang_rt.builtins.a : muldf3.S.obj (.tramp.__aeabi_dmul.1)
                  0000429c    0000000a     libc.a : _printfi.c.obj (.text.OUTLINED_FUNCTION_1)
                  000042a6    0000000a            : sprintf.c.obj (.text._outc)
                  000042b0    00000008            : strtof.c.obj (.text.OUTLINED_FUNCTION_0)
                  000042b8    00000008            : aeabi_portable.c.obj (.text.__aeabi_errno_addr)
                  000042c0    00000008     libclang_rt.builtins.a : aeabi_memcpy.S.obj (.text.__aeabi_memcpy)
                  000042c8    00000006     libc.a : e_log10.c.obj (.text.OUTLINED_FUNCTION_1)
                  000042ce    00000004            : e_log10f.c.obj (.text.OUTLINED_FUNCTION_0)
                  000042d2    00000002     --HOLE-- [fill = 0]
                  000042d4    00000010     libclang_rt.builtins.a : mulsf3.S.obj (.tramp.__aeabi_fmul.1)
                  000042e4    00000004     startup_mspm0g350x_ticlang.o (.text.Reset_Handler)
                  000042e8    00000004     libc.a : pre_init.c.obj (.text._system_pre_init)
                  000042ec    00000004            : exit.c.obj (.text:abort)

.cinit     0    00004570    00000038     
                  00004570    00000010     (.cinit..data.load) [load image, compression = lzss]
                  00004580    0000000c     (__TI_handler_table)
                  0000458c    00000008     (.cinit..bss.load) [load image, compression = zero_init]
                  00004594    00000010     (__TI_cinit_table)
                  000045a4    00000004     --HOLE-- [fill = 0]

.rodata    0    000042f0    00000280     
                  000042f0    00000101     libc.a : aeabi_ctype.S.obj (.rodata:__aeabi_ctype_table_)
                  000043f1    00000003     UserTask.o (.rodata.str1.38308619193222105971)
                  000043f4    00000040     libc.a : strtof.c.obj (.rodata.digits)
                  00004434    00000028     ti_msp_dl_config.o (.rodata.gSYSPLLConfig)
                  0000445c    00000018     libc.a : strtof.c.obj (.rodata.powerof10)
                  00004474    00000017     GUI.o (.rodata.str1.120676110851758475981)
                  0000448b    00000014     GUI.o (.rodata.str1.89384884876376116451)
                  0000449f    00000012     UserTask.o (.rodata.str1.166757103372023226471)
                  000044b1    00000011     libc.a : _printfi.c.obj (.rodata.str1.103488685894817597201)
                  000044c2    00000011     UserTask.o (.rodata.str1.122016032248368297461)
                  000044d3    00000011     libc.a : _printfi.c.obj (.rodata.str1.153638888446227384661)
                  000044e4    00000011     UserTask.o (.rodata.str1.17498784857431026461)
                  000044f5    00000011     UserTask.o (.rodata.str1.20645422788275470811)
                  00004506    00000011     UserTask.o (.rodata.str1.50385793633538058081)
                  00004517    00000011     UserTask.o (.rodata.str1.78416575573425212001)
                  00004528    0000000a     ti_msp_dl_config.o (.rodata.gUART_0Config)
                  00004532    0000000a     ti_msp_dl_config.o (.rodata.gUART_1Config)
                  0000453c    0000000a     ti_msp_dl_config.o (.rodata.gUART_2Config)
                  00004546    00000002     ti_msp_dl_config.o (.rodata.gUART_0ClockConfig)
                  00004548    00000008     ti_msp_dl_config.o (.rodata.gADC12_0ClockConfig)
                  00004550    00000007     UART.o (.rodata.str1.101336993364771414461)
                  00004557    00000007     UserTask.o (.rodata.str1.76506943351172083771)
                  0000455e    00000002     ti_msp_dl_config.o (.rodata.gUART_1ClockConfig)
                  00004560    00000002     ti_msp_dl_config.o (.rodata.gUART_2ClockConfig)
                  00004562    0000000e     --HOLE-- [fill = 0]

.init_array 
*          0    00000000    00000000     UNINITIALIZED

.binit     0    00000000    00000000     

.bss       0    20200000    00000282     UNINITIALIZED
                  20200000    00000100     (.common:freq_buffer)
                  20200100    00000100     (.common:gain_buffer)
                  20200200    00000064     (.common:str)
                  20200264    0000001e     (.common:uart_rx_buffer)

.data      0    20200284    0000004b     UNINITIALIZED
                  20200284    00000010     Simple_Circuit_CH_Tester.o (.data.c_param)
                  20200294    0000000a     BTN.o (.data.BTNTick)
                  2020029e    00000005     Simple_Circuit_CH_Tester.o (.data.BTNData)
                  202002a3    00000001     Simple_Circuit_CH_Tester.o (.data.GainState)
                  202002a4    00000004     Tick.o (.data.Tick)
                  202002a8    00000004     Simple_Circuit_CH_Tester.o (.data.Vout_Load)
                  202002ac    00000004     Simple_Circuit_CH_Tester.o (.data.Vout_Open)
                  202002b0    00000004     libc.a : aeabi_portable.c.obj (.data.__aeabi_errno)
                  202002b4    00000004     Tick.o (.data.delay_times)
                  202002b8    00000004     Simple_Circuit_CH_Tester.o (.data.input_amp)
                  202002bc    00000004     Simple_Circuit_CH_Tester.o (.data.input_freq)
                  202002c0    00000002     Simple_Circuit_CH_Tester.o (.data.lastX)
                  202002c2    00000002     Simple_Circuit_CH_Tester.o (.data.lastY)
                  202002c4    00000002     Simple_Circuit_CH_Tester.o (.data.point_index)
                  202002c6    00000001     Simple_Circuit_CH_Tester.o (.data.InputImpState)
                  202002c7    00000001     Simple_Circuit_CH_Tester.o (.data.Out_state)
                  202002c8    00000001     Simple_Circuit_CH_Tester.o (.data.OutputImpState)
                  202002c9    00000001     Simple_Circuit_CH_Tester.o (.data.PlotState)
                  202002ca    00000001     Simple_Circuit_CH_Tester.o (.data.TaskMark)
                  202002cb    00000001     Simple_Circuit_CH_Tester.o (.data.Vout_flag)
                  202002cc    00000001     Simple_Circuit_CH_Tester.o (.data.gCheckADC)
                  202002cd    00000001     Simple_Circuit_CH_Tester.o (.data.uart_rx_finish)
                  202002ce    00000001     Simple_Circuit_CH_Tester.o (.data.uart_rx_index)

.stack     0    20207e00    00000200     UNINITIALIZED
                  20207e00    00000004     libc.a : boot_cortex_m.c.obj (.stack)
                  20207e04    000001fc     --HOLE--

__llvm_prf_cnts 
*          0    20200000    00000000     UNINITIALIZED

__llvm_prf_bits 
*          0    20200000    00000000     UNINITIALIZED

MODULE SUMMARY

       Module                         code    ro data   rw data
       ------                         ----    -------   -------
    .\
       ti_msp_dl_config.o             2108    84        0      
       Simple_Circuit_CH_Tester.o     360     0         595    
       startup_mspm0g350x_ticlang.o   8       192       0      
    +--+------------------------------+-------+---------+---------+
       Total:                         2476    276       595    
                                                               
    .\HARDWARE\BTN\
       BTN.o                          278     0         10     
    +--+------------------------------+-------+---------+---------+
       Total:                         278     0         10     
                                                               
    .\HARDWARE\UART\
       UART.o                         188     7         0      
    +--+------------------------------+-------+---------+---------+
       Total:                         188     7         0      
                                                               
    .\SYSTEM\
       Tick.o                         282     0         8      
    +--+------------------------------+-------+---------+---------+
       Total:                         282     0         8      
                                                               
    .\USER\
       UserTask.o                     2558    113       0      
    +--+------------------------------+-------+---------+---------+
       Total:                         2558    113       0      
                                                               
    .\USER\GUI\
       GUI.o                          120     43        100    
    +--+------------------------------+-------+---------+---------+
       Total:                         120     43        100    
                                                               
    E:/ti/SDK/mspm0_sdk_2_04_00_06/source/ti/driverlib/lib/ticlang/m0p/mspm0g1x0x_g3x0x/driverlib.a
       dl_sysctl_mspm0g1x0x_g3x0x.o   288     0         0      
       dl_uart.o                      90      0         0      
       dl_adc12.o                     64      0         0      
       dl_common.o                    10      0         0      
    +--+------------------------------+-------+---------+---------+
       Total:                         452     0         0      
                                                               
    E:\ti\CCS_THEIA\ccs\tools\compiler\ti-cgt-armllvm_4.0.0.LTS\lib\armv6m-ti-none-eabi/c/libc.a
       _printfi.c.obj                 4510    34        0      
       strtof.c.obj                   872     88        0      
       e_log10.c.obj                  752     0         0      
       e_log10f.c.obj                 408     0         0      
       aeabi_ctype.S.obj              0       257       0      
       s_scalbn.c.obj                 216     0         0      
       s_scalbnf.c.obj                176     0         0      
       copy_decompress_lzss.c.obj     124     0         0      
       s_frexp.c.obj                  92      0         0      
       sprintf.c.obj                  90      0         0      
       _ltoa.c.obj                    88      0         0      
       atoi.c.obj                     64      0         0      
       autoinit.c.obj                 60      0         0      
       boot_cortex_m.c.obj            40      0         0      
       memccpy.c.obj                  34      0         0      
       copy_zero_init.c.obj           22      0         0      
       strchr.c.obj                   20      0         0      
       copy_decompress_none.c.obj     18      0         0      
       memcpy16.S.obj                 18      0         0      
       wcslen.c.obj                   16      0         0      
       memset16.S.obj                 14      0         0      
       aeabi_portable.c.obj           8       0         4      
       exit.c.obj                     4       0         0      
       pre_init.c.obj                 4       0         0      
    +--+------------------------------+-------+---------+---------+
       Total:                         7650    379       4      
                                                               
    E:\ti\CCS_THEIA\ccs\tools\compiler\ti-cgt-armllvm_4.0.0.LTS\lib\armv6m-ti-none-eabi/libclang_rt.builtins.a
       adddf3.S.obj                   418     0         0      
       divdf3.S.obj                   268     0         0      
       muldf3.S.obj                   244     0         0      
       comparedf2.c.obj               220     0         0      
       addsf3.S.obj                   216     0         0      
       udivmoddi4.S.obj               162     0         0      
       mulsf3.S.obj                   156     0         0      
       divsf3.S.obj                   130     0         0      
       comparesf2.S.obj               118     0         0      
       truncdfsf2.S.obj               116     0         0      
       aeabi_dcmp.S.obj               98      0         0      
       aeabi_fcmp.S.obj               98      0         0      
       aeabi_idivmod.S.obj            86      0         0      
       fixdfsi.S.obj                  74      0         0      
       aeabi_uidivmod.S.obj           64      0         0      
       extendsfdf2.S.obj              64      0         0      
       floatsisf.S.obj                60      0         0      
       muldsi3.S.obj                  58      0         0      
       fixsfsi.S.obj                  56      0         0      
       floatsidf.S.obj                44      0         0      
       floatunsisf.S.obj              40      0         0      
       muldi3.S.obj                   36      0         0      
       ashldi3.S.obj                  30      0         0      
       aeabi_uldivmod.S.obj           20      0         0      
       aeabi_memset.S.obj             14      0         0      
       aeabi_memcpy.S.obj             8       0         0      
       aeabi_div0.c.obj               4       0         0      
    +--+------------------------------+-------+---------+---------+
       Total:                         2902    0         0      
                                                               
       Stack:                         0       0         512    
       Linker Generated:              0       52        0      
    +--+------------------------------+-------+---------+---------+
       Grand Total:                   16906   870       1229   


LINKER GENERATED COPY TABLES

__TI_cinit_table @ 00004594 records: 2, size/record: 8, table size: 16
	.data: load addr=00004570, load size=00000010 bytes, run addr=20200284, run size=0000004b bytes, compression=lzss
	.bss: load addr=0000458c, load size=00000008 bytes, run addr=20200000, run size=00000282 bytes, compression=zero_init


LINKER GENERATED HANDLER TABLE

__TI_handler_table @ 00004580 records: 3, size/record: 4, table size: 12
	index: 0, handler: __TI_decompress_lzss
	index: 1, handler: __TI_decompress_none
	index: 2, handler: __TI_zero_init


FAR CALL TRAMPOLINES

callee name               trampoline name
   callee addr  tramp addr   call addr  call info
--------------  -----------  ---------  ----------------
__aeabi_dsub              $Tramp$TT$L$PI$$__aeabi_dsub
   00001a15     00004270     0000426c   libc.a : _printfi.c.obj (.text.OUTLINED_FUNCTION_0)
__aeabi_dmul              $Tramp$TT$L$PI$$__aeabi_dmul
   00002311     0000428c     00004288   libc.a : e_log10.c.obj (.text.OUTLINED_FUNCTION_0)
                             000042cc          : e_log10.c.obj (.text.OUTLINED_FUNCTION_1)
__aeabi_fmul              $Tramp$TT$L$PI$$__aeabi_fmul
   00002a85     000042d4     000042d0   libc.a : e_log10f.c.obj (.text.OUTLINED_FUNCTION_0)

[3 trampolines]
[4 trampoline calls]


GLOBAL SYMBOLS: SORTED ALPHABETICALLY BY Name 

address   name                                 
-------   ----                                 
00003621  AD8310_Map                           
00002e8d  ADC0_IRQHandler                      
00003acd  ADC1_IRQHandler                      
00002e8d  AES_IRQHandler                       
2020029e  BTNData                              
00002b11  BTNScan                              
20200294  BTNTick                              
00002021  BTN_getData                          
000042ec  C$$EXIT                              
00002e8d  CANFD0_IRQHandler                    
00002121  CalGain                              
00001e05  CalInputImp                          
000016bd  CalOutputImp                         
00002e8d  DAC0_IRQHandler                      
00003661  DL_ADC12_setClockConfig              
0000425b  DL_Common_delayCycles                
000024d5  DL_SYSCTL_configSYSPLL               
000035dd  DL_SYSCTL_switchMCLKfromSYSOSCtoHSCLK
00003595  DL_UART_init                         
000041b9  DL_UART_setClockConfig               
00002e8d  DMA_IRQHandler                       
00002e8d  Default_Handler                      
00002e8d  GROUP0_IRQHandler                    
00002e8d  GROUP1_IRQHandler                    
202002a3  GainState                            
00002e8d  HardFault_Handler                    
00002e8d  I2C0_IRQHandler                      
00002e8d  I2C1_IRQHandler                      
202002c6  InputImpState                        
00002e8d  NMI_Handler                          
202002c7  Out_state                            
202002c8  OutputImpState                       
000029f5  Param_update                         
00002e8d  PendSV_Handler                       
000012f1  PlotAmpFreq                          
202002c9  PlotState                            
00002e8d  RTC_IRQHandler                       
000042e5  Reset_Handler                        
00002e8d  SPI0_IRQHandler                      
00002e8d  SPI1_IRQHandler                      
00002e8d  SVC_Handler                          
00002b95  SYSCFG_DL_ADC12_0_init               
00002221  SYSCFG_DL_GPIO_init                  
000034b1  SYSCFG_DL_SYSCTL_init                
00004211  SYSCFG_DL_SYSTICK_init               
000036a1  SYSCFG_DL_UART_0_init                
000036e1  SYSCFG_DL_UART_1_init                
0000331d  SYSCFG_DL_UART_2_init                
00003ce1  SYSCFG_DL_init                       
00002d21  SYSCFG_DL_initPower                  
000023f5  SysTick_Handler                      
00002e8d  TIMA0_IRQHandler                     
00002e8d  TIMA1_IRQHandler                     
00002e8d  TIMG0_IRQHandler                     
00002e8d  TIMG12_IRQHandler                    
00002e8d  TIMG6_IRQHandler                     
00002e8d  TIMG7_IRQHandler                     
00002e8d  TIMG8_IRQHandler                     
000041cb  TI_memcpy_small                      
0000424d  TI_memset_small                      
202002ca  TaskMark                             
00003415  TaskScan                             
202002a4  Tick                                 
00002959  UART0_IRQHandler                     
00002e8d  UART1_IRQHandler                     
00002e8d  UART2_IRQHandler                     
00002e8d  UART3_IRQHandler                     
202002a8  Vout_Load                            
202002ac  Vout_Open                            
202002cb  Vout_flag                            
20208000  __STACK_END                          
00000200  __STACK_SIZE                         
00000000  __TI_ATRegion0_region_sz             
00000000  __TI_ATRegion0_src_addr              
00000000  __TI_ATRegion0_trg_addr              
00000000  __TI_ATRegion1_region_sz             
00000000  __TI_ATRegion1_src_addr              
00000000  __TI_ATRegion1_trg_addr              
00000000  __TI_ATRegion2_region_sz             
00000000  __TI_ATRegion2_src_addr              
00000000  __TI_ATRegion2_trg_addr              
00004594  __TI_CINIT_Base                      
000045a4  __TI_CINIT_Limit                     
000045a4  __TI_CINIT_Warm                      
00004580  __TI_Handler_Table_Base              
0000458c  __TI_Handler_Table_Limit             
000038d5  __TI_auto_init_nobinit_nopinit       
00002d9d  __TI_decompress_lzss                 
000041dd  __TI_decompress_none                 
00003215  __TI_ltoa                            
ffffffff  __TI_pprof_out_hndl                  
000000c1  __TI_printfi                         
ffffffff  __TI_prof_data_size                  
ffffffff  __TI_prof_data_start                 
00000000  __TI_static_base__                   
000040f1  __TI_zero_init_nomemset              
00001a1f  __adddf3                             
00002693  __addsf3                             
000042f0  __aeabi_ctype_table_                 
000042f0  __aeabi_ctype_table_C                
00002e91  __aeabi_d2f                          
00003549  __aeabi_d2iz                         
00001a1f  __aeabi_dadd                         
00002fd5  __aeabi_dcmpeq                       
00003011  __aeabi_dcmpge                       
00003025  __aeabi_dcmpgt                       
00002ffd  __aeabi_dcmple                       
00002fe9  __aeabi_dcmplt                       
00001f15  __aeabi_ddiv                         
00002311  __aeabi_dmul                         
00001a15  __aeabi_dsub                         
202002b0  __aeabi_errno                        
000042b9  __aeabi_errno_addr                   
00003761  __aeabi_f2d                          
00003989  __aeabi_f2iz                         
00002693  __aeabi_fadd                         
00003039  __aeabi_fcmpeq                       
00003075  __aeabi_fcmpge                       
00003089  __aeabi_fcmpgt                       
00003061  __aeabi_fcmple                       
0000304d  __aeabi_fcmplt                       
00002c9d  __aeabi_fdiv                         
00002a85  __aeabi_fmul                         
00002689  __aeabi_fsub                         
00003be9  __aeabi_i2d                          
00003821  __aeabi_i2f                          
000032c5  __aeabi_idiv                         
00001ba7  __aeabi_idiv0                        
000032c5  __aeabi_idivmod                      
00002957  __aeabi_ldiv0                        
00003df1  __aeabi_llsl                         
00003d05  __aeabi_lmul                         
000042c1  __aeabi_memcpy                       
000042c1  __aeabi_memcpy4                      
000042c1  __aeabi_memcpy8                      
00004231  __aeabi_memset                       
00004231  __aeabi_memset4                      
00004231  __aeabi_memset8                      
00003c69  __aeabi_ui2f                         
00003721  __aeabi_uidiv                        
00003721  __aeabi_uidivmod                     
00004159  __aeabi_uldivmod                     
00003df1  __ashldi3                            
ffffffff  __binit__                            
00002f05  __cmpdf2                             
00003911  __cmpsf2                             
00001f15  __divdf3                             
00002c9d  __divsf3                             
00002f05  __eqdf2                              
00003911  __eqsf2                              
00003761  __extendsfdf2                        
00003549  __fixdfsi                            
00003989  __fixsfsi                            
00003be9  __floatsidf                          
00003821  __floatsisf                          
00003c69  __floatunsisf                        
00002e19  __gedf2                              
0000385d  __gesf2                              
00002e19  __gtdf2                              
0000385d  __gtsf2                              
00002f05  __ledf2                              
00003911  __lesf2                              
00002f05  __ltdf2                              
00003911  __ltsf2                              
UNDEFED   __mpu_init                           
00002311  __muldf3                             
00003d05  __muldi3                             
0000394d  __muldsi3                            
00002a85  __mulsf3                             
00002f05  __nedf2                              
00003911  __nesf2                              
20207e00  __stack                              
20200000  __start___llvm_prf_bits              
20200000  __start___llvm_prf_cnts              
20200000  __stop___llvm_prf_bits               
20200000  __stop___llvm_prf_cnts               
00001a15  __subdf3                             
00002689  __subsf3                             
00002e91  __truncdfsf2                         
000028b5  __udivmoddi4                         
00003cb9  _c_int00_noargs                      
UNDEFED   _system_post_cinit                   
000042e9  _system_pre_init                     
000042ed  abort                                
000037a1  atoi                                 
ffffffff  binit                                
20200284  c_param                              
00003d29  delay_ms                             
202002b4  delay_times                          
000039c1  draw_dot                             
000037e1  draw_line                            
20200000  freq_buffer                          
0000315d  frexp                                
0000315d  frexpl                               
202002cc  gCheckADC                            
20200100  gain_buffer                          
00002811  get_3dbcutoff_freq                   
202002b8  input_amp                            
202002bc  input_freq                           
00000000  interruptVectors                     
202002c0  lastX                                
202002c2  lastY                                
000025b1  ldexp                                
00002761  ldexpf                               
000025b1  ldexpl                               
00000df1  log10                                
00001881  log10f                               
00000df1  log10l                               
00004055  main                                 
000031b9  mapFreqToX                           
000030fd  mapGainToY                           
00003d4d  memccpy                              
00003b8d  parse_rx_buffer                      
202002c4  point_index                          
000025b1  scalbn                               
00002761  scalbnf                              
000025b1  scalbnl                              
00003c91  sendData                             
00003899  sendNum                              
00003c15  sendString                           
000039f9  sprintf                              
20200200  str                                  
00004181  strchr                               
00000a91  strtof                               
20200264  uart_rx_buffer                       
202002cd  uart_rx_finish                       
202002ce  uart_rx_index                        
00004221  wcslen                               


GLOBAL SYMBOLS: SORTED BY Symbol Address 

address   name                                 
-------   ----                                 
00000000  __TI_ATRegion0_region_sz             
00000000  __TI_ATRegion0_src_addr              
00000000  __TI_ATRegion0_trg_addr              
00000000  __TI_ATRegion1_region_sz             
00000000  __TI_ATRegion1_src_addr              
00000000  __TI_ATRegion1_trg_addr              
00000000  __TI_ATRegion2_region_sz             
00000000  __TI_ATRegion2_src_addr              
00000000  __TI_ATRegion2_trg_addr              
00000000  __TI_static_base__                   
00000000  interruptVectors                     
000000c1  __TI_printfi                         
00000200  __STACK_SIZE                         
00000a91  strtof                               
00000df1  log10                                
00000df1  log10l                               
000012f1  PlotAmpFreq                          
000016bd  CalOutputImp                         
00001881  log10f                               
00001a15  __aeabi_dsub                         
00001a15  __subdf3                             
00001a1f  __adddf3                             
00001a1f  __aeabi_dadd                         
00001ba7  __aeabi_idiv0                        
00001e05  CalInputImp                          
00001f15  __aeabi_ddiv                         
00001f15  __divdf3                             
00002021  BTN_getData                          
00002121  CalGain                              
00002221  SYSCFG_DL_GPIO_init                  
00002311  __aeabi_dmul                         
00002311  __muldf3                             
000023f5  SysTick_Handler                      
000024d5  DL_SYSCTL_configSYSPLL               
000025b1  ldexp                                
000025b1  ldexpl                               
000025b1  scalbn                               
000025b1  scalbnl                              
00002689  __aeabi_fsub                         
00002689  __subsf3                             
00002693  __addsf3                             
00002693  __aeabi_fadd                         
00002761  ldexpf                               
00002761  scalbnf                              
00002811  get_3dbcutoff_freq                   
000028b5  __udivmoddi4                         
00002957  __aeabi_ldiv0                        
00002959  UART0_IRQHandler                     
000029f5  Param_update                         
00002a85  __aeabi_fmul                         
00002a85  __mulsf3                             
00002b11  BTNScan                              
00002b95  SYSCFG_DL_ADC12_0_init               
00002c9d  __aeabi_fdiv                         
00002c9d  __divsf3                             
00002d21  SYSCFG_DL_initPower                  
00002d9d  __TI_decompress_lzss                 
00002e19  __gedf2                              
00002e19  __gtdf2                              
00002e8d  ADC0_IRQHandler                      
00002e8d  AES_IRQHandler                       
00002e8d  CANFD0_IRQHandler                    
00002e8d  DAC0_IRQHandler                      
00002e8d  DMA_IRQHandler                       
00002e8d  Default_Handler                      
00002e8d  GROUP0_IRQHandler                    
00002e8d  GROUP1_IRQHandler                    
00002e8d  HardFault_Handler                    
00002e8d  I2C0_IRQHandler                      
00002e8d  I2C1_IRQHandler                      
00002e8d  NMI_Handler                          
00002e8d  PendSV_Handler                       
00002e8d  RTC_IRQHandler                       
00002e8d  SPI0_IRQHandler                      
00002e8d  SPI1_IRQHandler                      
00002e8d  SVC_Handler                          
00002e8d  TIMA0_IRQHandler                     
00002e8d  TIMA1_IRQHandler                     
00002e8d  TIMG0_IRQHandler                     
00002e8d  TIMG12_IRQHandler                    
00002e8d  TIMG6_IRQHandler                     
00002e8d  TIMG7_IRQHandler                     
00002e8d  TIMG8_IRQHandler                     
00002e8d  UART1_IRQHandler                     
00002e8d  UART2_IRQHandler                     
00002e8d  UART3_IRQHandler                     
00002e91  __aeabi_d2f                          
00002e91  __truncdfsf2                         
00002f05  __cmpdf2                             
00002f05  __eqdf2                              
00002f05  __ledf2                              
00002f05  __ltdf2                              
00002f05  __nedf2                              
00002fd5  __aeabi_dcmpeq                       
00002fe9  __aeabi_dcmplt                       
00002ffd  __aeabi_dcmple                       
00003011  __aeabi_dcmpge                       
00003025  __aeabi_dcmpgt                       
00003039  __aeabi_fcmpeq                       
0000304d  __aeabi_fcmplt                       
00003061  __aeabi_fcmple                       
00003075  __aeabi_fcmpge                       
00003089  __aeabi_fcmpgt                       
000030fd  mapGainToY                           
0000315d  frexp                                
0000315d  frexpl                               
000031b9  mapFreqToX                           
00003215  __TI_ltoa                            
000032c5  __aeabi_idiv                         
000032c5  __aeabi_idivmod                      
0000331d  SYSCFG_DL_UART_2_init                
00003415  TaskScan                             
000034b1  SYSCFG_DL_SYSCTL_init                
00003549  __aeabi_d2iz                         
00003549  __fixdfsi                            
00003595  DL_UART_init                         
000035dd  DL_SYSCTL_switchMCLKfromSYSOSCtoHSCLK
00003621  AD8310_Map                           
00003661  DL_ADC12_setClockConfig              
000036a1  SYSCFG_DL_UART_0_init                
000036e1  SYSCFG_DL_UART_1_init                
00003721  __aeabi_uidiv                        
00003721  __aeabi_uidivmod                     
00003761  __aeabi_f2d                          
00003761  __extendsfdf2                        
000037a1  atoi                                 
000037e1  draw_line                            
00003821  __aeabi_i2f                          
00003821  __floatsisf                          
0000385d  __gesf2                              
0000385d  __gtsf2                              
00003899  sendNum                              
000038d5  __TI_auto_init_nobinit_nopinit       
00003911  __cmpsf2                             
00003911  __eqsf2                              
00003911  __lesf2                              
00003911  __ltsf2                              
00003911  __nesf2                              
0000394d  __muldsi3                            
00003989  __aeabi_f2iz                         
00003989  __fixsfsi                            
000039c1  draw_dot                             
000039f9  sprintf                              
00003acd  ADC1_IRQHandler                      
00003b8d  parse_rx_buffer                      
00003be9  __aeabi_i2d                          
00003be9  __floatsidf                          
00003c15  sendString                           
00003c69  __aeabi_ui2f                         
00003c69  __floatunsisf                        
00003c91  sendData                             
00003cb9  _c_int00_noargs                      
00003ce1  SYSCFG_DL_init                       
00003d05  __aeabi_lmul                         
00003d05  __muldi3                             
00003d29  delay_ms                             
00003d4d  memccpy                              
00003df1  __aeabi_llsl                         
00003df1  __ashldi3                            
00004055  main                                 
000040f1  __TI_zero_init_nomemset              
00004159  __aeabi_uldivmod                     
00004181  strchr                               
000041b9  DL_UART_setClockConfig               
000041cb  TI_memcpy_small                      
000041dd  __TI_decompress_none                 
00004211  SYSCFG_DL_SYSTICK_init               
00004221  wcslen                               
00004231  __aeabi_memset                       
00004231  __aeabi_memset4                      
00004231  __aeabi_memset8                      
0000424d  TI_memset_small                      
0000425b  DL_Common_delayCycles                
000042b9  __aeabi_errno_addr                   
000042c1  __aeabi_memcpy                       
000042c1  __aeabi_memcpy4                      
000042c1  __aeabi_memcpy8                      
000042e5  Reset_Handler                        
000042e9  _system_pre_init                     
000042ec  C$$EXIT                              
000042ed  abort                                
000042f0  __aeabi_ctype_table_                 
000042f0  __aeabi_ctype_table_C                
00004580  __TI_Handler_Table_Base              
0000458c  __TI_Handler_Table_Limit             
00004594  __TI_CINIT_Base                      
000045a4  __TI_CINIT_Limit                     
000045a4  __TI_CINIT_Warm                      
20200000  __start___llvm_prf_bits              
20200000  __start___llvm_prf_cnts              
20200000  __stop___llvm_prf_bits               
20200000  __stop___llvm_prf_cnts               
20200000  freq_buffer                          
20200100  gain_buffer                          
20200200  str                                  
20200264  uart_rx_buffer                       
20200284  c_param                              
20200294  BTNTick                              
2020029e  BTNData                              
202002a3  GainState                            
202002a4  Tick                                 
202002a8  Vout_Load                            
202002ac  Vout_Open                            
202002b0  __aeabi_errno                        
202002b4  delay_times                          
202002b8  input_amp                            
202002bc  input_freq                           
202002c0  lastX                                
202002c2  lastY                                
202002c4  point_index                          
202002c6  InputImpState                        
202002c7  Out_state                            
202002c8  OutputImpState                       
202002c9  PlotState                            
202002ca  TaskMark                             
202002cb  Vout_flag                            
202002cc  gCheckADC                            
202002cd  uart_rx_finish                       
202002ce  uart_rx_index                        
20207e00  __stack                              
20208000  __STACK_END                          
ffffffff  __TI_pprof_out_hndl                  
ffffffff  __TI_prof_data_size                  
ffffffff  __TI_prof_data_start                 
ffffffff  __binit__                            
ffffffff  binit                                
UNDEFED   __mpu_init                           
UNDEFED   _system_post_cinit                   

[228 symbols]
