******************************************************************************
            TI ARM Clang Linker PC v4.0.0                      
******************************************************************************
>> Linked Tue May  6 15:54:57 2025

OUTPUT FILE NAME:   <02_Simple_Circuit_CH_Tester.out>
ENTRY POINT SYMBOL: "_c_int00_noargs"  address: 0000148d


MEMORY CONFIGURATION

         name            origin    length      used     unused   attr    fill
----------------------  --------  ---------  --------  --------  ----  --------
  FLASH                 00000000   00008000  00001630  000069d0  R  X
  SRAM                  20200000   00004000  00000282  00003d7e  RW X
  BCR_CONFIG            41c00000   000000ff  00000000  000000ff  R   
  BSL_CONFIG            41c00100   00000080  00000000  00000080  R   


SEGMENT ALLOCATION MAP

run origin  load origin   length   init length attrs members
----------  ----------- ---------- ----------- ----- -------
00000000    00000000    00001630   00001630    r-x
  00000000    00000000    000000c0   000000c0    r-- .intvecs
  000000c0    000000c0    00001520   00001520    r-x .text
  000015e0    000015e0    00000028   00000028    r-- .rodata
  00001608    00001608    00000028   00000028    r-- .cinit
20200000    20200000    00000082   00000000    rw-
  20200000    20200000    00000082   00000000    rw- .data
20203e00    20203e00    00000200   00000000    rw-
  20203e00    20203e00    00000200   00000000    rw- .stack


SECTION ALLOCATION MAP

 output                                  attributes/
section   page    origin      length       input sections
--------  ----  ----------  ----------   ----------------
.intvecs   0    00000000    000000c0     
                  00000000    000000c0     startup_mspm0g350x_ticlang.o (.intvecs)

.text      0    000000c0    00001520     
                  000000c0    0000052c     AD9959.o (.text.AD9959_init)
                  000005ec    00000360     AD9959.o (.text.AD9959_writeData)
                  0000094c    0000027c     AD9959.o (.text.AD9959_writeDataSlow)
                  00000bc8    000000fc     UserTask.o (.text.UserTask_init)
                  00000cc4    000000dc     driverlib.a : dl_sysctl_mspm0g1x0x_g3x0x.o (.text.DL_SYSCTL_configSYSPLL)
                  00000da0    000000d8     libclang_rt.builtins.a : addsf3.S.obj (.text)
                  00000e78    0000009a     libc.a : memcpy16.S.obj (.text:memcpy)
                  00000f12    00000002     startup_mspm0g350x_ticlang.o (.text.Default_Handler)
                  00000f14    0000008c     libclang_rt.builtins.a : mulsf3.S.obj (.text.__mulsf3)
                  00000fa0    00000088     DDS.o (.text.DDS_sweep)
                  00001028    0000007c     libc.a : copy_decompress_lzss.c.obj (.text:decompress:lzss)
                  000010a4    00000062     libclang_rt.builtins.a : aeabi_fcmp.S.obj (.text.__aeabi_fcmp)
                  00001106    00000002                            : aeabi_div0.c.obj (.text.__aeabi_idiv0)
                  00001108    0000005c     ti_msp_dl_config.o (.text.SYSCFG_DL_SYSCTL_init)
                  00001164    00000048     AD9959.o (.text.AD9959_setFreq)
                  000011ac    00000044     driverlib.a : dl_sysctl_mspm0g1x0x_g3x0x.o (.text.DL_SYSCTL_switchMCLKfromSYSOSCtoHSCLK)
                  000011f0    00000040     libclang_rt.builtins.a : aeabi_uidivmod.S.obj (.text.__aeabi_uidivmod)
                  00001230    0000003c     UserTask.o (.text.UserTask_loop)
                  0000126c    0000003c     libclang_rt.builtins.a : comparesf2.S.obj (.text.__gtsf2)
                  000012a8    0000003c     libc.a : autoinit.c.obj (.text:__TI_auto_init_nobinit_nopinit)
                  000012e4    0000003a     libclang_rt.builtins.a : comparesf2.S.obj (.text.__eqsf2)
                  0000131e    00000002     --HOLE-- [fill = 0]
                  00001320    0000003a                            : muldsi3.S.obj (.text.__muldsi3)
                  0000135a    00000002     --HOLE-- [fill = 0]
                  0000135c    00000038     ti_msp_dl_config.o (.text.SYSCFG_DL_GPIO_init)
                  00001394    00000038     libclang_rt.builtins.a : fixsfsi.S.obj (.text.__fixsfsi)
                  000013cc    00000032                            : fixunssfsi.S.obj (.text.__fixunssfsi)
                  000013fe    00000002     --HOLE-- [fill = 0]
                  00001400    00000030     ti_msp_dl_config.o (.text.SYSCFG_DL_SYSTICK_init)
                  00001430    0000002e     AD9959.o (.text.AD9959_setAmp)
                  0000145e    00000002     --HOLE-- [fill = 0]
                  00001460    0000002c     ti_msp_dl_config.o (.text.SYSCFG_DL_initPower)
                  0000148c    00000028     libc.a : boot_cortex_m.c.obj (.text:_c_int00_noargs)
                  000014b4    00000026     AD9959.o (.text.AD9959_setPhase)
                  000014da    00000024     DDS.o (.text.DDS_initSweep)
                  000014fe    00000002     --HOLE-- [fill = 0]
                  00001500    00000020     AD9959.o (.text.AD9959_IOUpdate)
                  00001520    00000020     Tick.o (.text.Tick_delay)
                  00001540    0000001e     DDS.o (.text.DDS_singleTone)
                  0000155e    00000016     Simple_Circuit_CH_Tester.o (.text.main)
                  00001574    00000014     ti_msp_dl_config.o (.text.SYSCFG_DL_init)
                  00001588    00000012     libc.a : copy_decompress_none.c.obj (.text:decompress:none)
                  0000159a    00000002     --HOLE-- [fill = 0]
                  0000159c    00000010     Tick.o (.text.SysTick_Handler)
                  000015ac    0000000a     driverlib.a : dl_common.o (.text.DL_Common_delayCycles)
                  000015b6    00000008     DDS.o (.text.DDS_init)
                  000015be    00000008     DDS.o (.text.DDS_update)
                  000015c6    00000002     --HOLE-- [fill = 0]
                  000015c8    00000008     libclang_rt.builtins.a : aeabi_memcpy.S.obj (.text.__aeabi_memcpy)
                  000015d0    00000004     startup_mspm0g350x_ticlang.o (.text.Reset_Handler)
                  000015d4    00000004     libc.a : pre_init.c.obj (.text._system_pre_init)
                  000015d8    00000004            : exit.c.obj (.text:abort)
                  000015dc    00000004     --HOLE-- [fill = 0]

.cinit     0    00001608    00000028     
                  00001608    00000012     (.cinit..data.load) [load image, compression = lzss]
                  0000161a    00000002     --HOLE-- [fill = 0]
                  0000161c    00000008     (__TI_handler_table)
                  00001624    00000008     (__TI_cinit_table)
                  0000162c    00000004     --HOLE-- [fill = 0]

.rodata    0    000015e0    00000028     
                  000015e0    00000028     ti_msp_dl_config.o (.rodata.gSYSPLLConfig)

.init_array 
*          0    00000000    00000000     UNINITIALIZED

.binit     0    00000000    00000000     

.data      0    20200000    00000082     UNINITIALIZED
                  20200000    00000054     UserTask.o (.data.Sweep)
                  20200054    00000020     UserTask.o (.data.SingleTone)
                  20200074    00000004     AD9959.o (.data.ACC_FRE_FACTOR)
                  20200078    00000004     Tick.o (.data.Tick)
                  2020007c    00000003     AD9959.o (.data.FR1_DATA)
                  2020007f    00000001     --HOLE--
                  20200080    00000002     UserTask.o (.data.SweepTick)

.stack     0    20203e00    00000200     UNINITIALIZED
                  20203e00    00000004     libc.a : boot_cortex_m.c.obj (.stack)
                  20203e04    000001fc     --HOLE--

__llvm_prf_cnts 
*          0    20200000    00000000     UNINITIALIZED

__llvm_prf_bits 
*          0    20200000    00000000     UNINITIALIZED

MODULE SUMMARY

       Module                         code   ro data   rw data
       ------                         ----   -------   -------
    .\
       ti_msp_dl_config.o             260    40        0      
       startup_mspm0g350x_ticlang.o   6      192       0      
       Simple_Circuit_CH_Tester.o     22     0         0      
    +--+------------------------------+------+---------+---------+
       Total:                         288    232       0      
                                                              
    .\HARDWARE\AD9959\
       AD9959.o                       3012   0         7      
       DDS.o                          218    0         0      
    +--+------------------------------+------+---------+---------+
       Total:                         3230   0         7      
                                                              
    .\SYSTEM\
       Tick.o                         48     0         4      
    +--+------------------------------+------+---------+---------+
       Total:                         48     0         4      
                                                              
    .\USER\
       UserTask.o                     312    0         118    
    +--+------------------------------+------+---------+---------+
       Total:                         312    0         118    
                                                              
    E:/ti/SDK/mspm0_sdk_2_04_00_06/source/ti/driverlib/lib/ticlang/m0p/mspm0g1x0x_g3x0x/driverlib.a
       dl_sysctl_mspm0g1x0x_g3x0x.o   288    0         0      
       dl_common.o                    10     0         0      
    +--+------------------------------+------+---------+---------+
       Total:                         298    0         0      
                                                              
    E:\ti\CCS_THEIA\ccs\tools\compiler\ti-cgt-armllvm_4.0.0.LTS\lib\armv6m-ti-none-eabi/c/libc.a
       memcpy16.S.obj                 154    0         0      
       copy_decompress_lzss.c.obj     124    0         0      
       autoinit.c.obj                 60     0         0      
       boot_cortex_m.c.obj            40     0         0      
       copy_decompress_none.c.obj     18     0         0      
       exit.c.obj                     4      0         0      
       pre_init.c.obj                 4      0         0      
    +--+------------------------------+------+---------+---------+
       Total:                         404    0         0      
                                                              
    E:\ti\CCS_THEIA\ccs\tools\compiler\ti-cgt-armllvm_4.0.0.LTS\lib\armv6m-ti-none-eabi/libclang_rt.builtins.a
       addsf3.S.obj                   216    0         0      
       mulsf3.S.obj                   140    0         0      
       comparesf2.S.obj               118    0         0      
       aeabi_fcmp.S.obj               98     0         0      
       aeabi_uidivmod.S.obj           64     0         0      
       muldsi3.S.obj                  58     0         0      
       fixsfsi.S.obj                  56     0         0      
       fixunssfsi.S.obj               50     0         0      
       aeabi_memcpy.S.obj             8      0         0      
       aeabi_div0.c.obj               2      0         0      
    +--+------------------------------+------+---------+---------+
       Total:                         810    0         0      
                                                              
       Stack:                         0      0         512    
       Linker Generated:              0      34        0      
    +--+------------------------------+------+---------+---------+
       Grand Total:                   5390   266       641    


LINKER GENERATED COPY TABLES

__TI_cinit_table @ 00001624 records: 1, size/record: 8, table size: 8
	.data: load addr=00001608, load size=00000012 bytes, run addr=20200000, run size=00000082 bytes, compression=lzss


LINKER GENERATED HANDLER TABLE

__TI_handler_table @ 0000161c records: 2, size/record: 4, table size: 8
	index: 0, handler: __TI_decompress_lzss
	index: 1, handler: __TI_decompress_none


GLOBAL SYMBOLS: SORTED ALPHABETICALLY BY Name 

address   name                                 
-------   ----                                 
20200074  ACC_FRE_FACTOR                       
00001501  AD9959_IOUpdate                      
000000c1  AD9959_init                          
00001431  AD9959_setAmp                        
00001165  AD9959_setFreq                       
000014b5  AD9959_setPhase                      
000005ed  AD9959_writeData                     
0000094d  AD9959_writeDataSlow                 
00000f13  ADC0_IRQHandler                      
00000f13  ADC1_IRQHandler                      
00000f13  AES_IRQHandler                       
000015d8  C$$EXIT                              
00000f13  CANFD0_IRQHandler                    
00000f13  DAC0_IRQHandler                      
000015b7  DDS_init                             
000014db  DDS_initSweep                        
00001541  DDS_singleTone                       
00000fa1  DDS_sweep                            
000015bf  DDS_update                           
000015ad  DL_Common_delayCycles                
00000cc5  DL_SYSCTL_configSYSPLL               
000011ad  DL_SYSCTL_switchMCLKfromSYSOSCtoHSCLK
00000f13  DMA_IRQHandler                       
00000f13  Default_Handler                      
2020007c  FR1_DATA                             
00000f13  GROUP0_IRQHandler                    
00000f13  GROUP1_IRQHandler                    
00000f13  HardFault_Handler                    
00000f13  I2C0_IRQHandler                      
00000f13  I2C1_IRQHandler                      
00000f13  NMI_Handler                          
00000f13  PendSV_Handler                       
00000f13  RTC_IRQHandler                       
000015d1  Reset_Handler                        
00000f13  SPI0_IRQHandler                      
00000f13  SPI1_IRQHandler                      
00000f13  SVC_Handler                          
0000135d  SYSCFG_DL_GPIO_init                  
00001109  SYSCFG_DL_SYSCTL_init                
00001401  SYSCFG_DL_SYSTICK_init               
00001575  SYSCFG_DL_init                       
00001461  SYSCFG_DL_initPower                  
20200054  SingleTone                           
20200000  Sweep                                
20200080  SweepTick                            
0000159d  SysTick_Handler                      
00000f13  TIMA0_IRQHandler                     
00000f13  TIMA1_IRQHandler                     
00000f13  TIMG0_IRQHandler                     
00000f13  TIMG12_IRQHandler                    
00000f13  TIMG6_IRQHandler                     
00000f13  TIMG7_IRQHandler                     
00000f13  TIMG8_IRQHandler                     
20200078  Tick                                 
00001521  Tick_delay                           
00000f13  UART0_IRQHandler                     
00000f13  UART1_IRQHandler                     
00000f13  UART2_IRQHandler                     
00000f13  UART3_IRQHandler                     
00000bc9  UserTask_init                        
00001231  UserTask_loop                        
20204000  __STACK_END                          
00000200  __STACK_SIZE                         
00000000  __TI_ATRegion0_region_sz             
00000000  __TI_ATRegion0_src_addr              
00000000  __TI_ATRegion0_trg_addr              
00000000  __TI_ATRegion1_region_sz             
00000000  __TI_ATRegion1_src_addr              
00000000  __TI_ATRegion1_trg_addr              
00000000  __TI_ATRegion2_region_sz             
00000000  __TI_ATRegion2_src_addr              
00000000  __TI_ATRegion2_trg_addr              
00001624  __TI_CINIT_Base                      
0000162c  __TI_CINIT_Limit                     
0000162c  __TI_CINIT_Warm                      
0000161c  __TI_Handler_Table_Base              
00001624  __TI_Handler_Table_Limit             
000012a9  __TI_auto_init_nobinit_nopinit       
00001029  __TI_decompress_lzss                 
00001589  __TI_decompress_none                 
ffffffff  __TI_pprof_out_hndl                  
ffffffff  __TI_prof_data_size                  
ffffffff  __TI_prof_data_start                 
00000000  __TI_static_base__                   
00000dab  __addsf3                             
00001395  __aeabi_f2iz                         
000013cd  __aeabi_f2uiz                        
00000dab  __aeabi_fadd                         
000010a5  __aeabi_fcmpeq                       
000010e1  __aeabi_fcmpge                       
000010f5  __aeabi_fcmpgt                       
000010cd  __aeabi_fcmple                       
000010b9  __aeabi_fcmplt                       
00000f15  __aeabi_fmul                         
00000da1  __aeabi_fsub                         
00001107  __aeabi_idiv0                        
000015c9  __aeabi_memcpy                       
000015c9  __aeabi_memcpy4                      
000015c9  __aeabi_memcpy8                      
000011f1  __aeabi_uidiv                        
000011f1  __aeabi_uidivmod                     
ffffffff  __binit__                            
000012e5  __cmpsf2                             
000012e5  __eqsf2                              
00001395  __fixsfsi                            
000013cd  __fixunssfsi                         
0000126d  __gesf2                              
0000126d  __gtsf2                              
000012e5  __lesf2                              
000012e5  __ltsf2                              
UNDEFED   __mpu_init                           
00001321  __muldsi3                            
00000f15  __mulsf3                             
000012e5  __nesf2                              
20203e00  __stack                              
20200000  __start___llvm_prf_bits              
20200000  __start___llvm_prf_cnts              
20200000  __stop___llvm_prf_bits               
20200000  __stop___llvm_prf_cnts               
00000da1  __subsf3                             
0000148d  _c_int00_noargs                      
UNDEFED   _system_post_cinit                   
000015d5  _system_pre_init                     
000015d9  abort                                
ffffffff  binit                                
00000000  interruptVectors                     
0000155f  main                                 
00000e79  memcpy                               


GLOBAL SYMBOLS: SORTED BY Symbol Address 

address   name                                 
-------   ----                                 
00000000  __TI_ATRegion0_region_sz             
00000000  __TI_ATRegion0_src_addr              
00000000  __TI_ATRegion0_trg_addr              
00000000  __TI_ATRegion1_region_sz             
00000000  __TI_ATRegion1_src_addr              
00000000  __TI_ATRegion1_trg_addr              
00000000  __TI_ATRegion2_region_sz             
00000000  __TI_ATRegion2_src_addr              
00000000  __TI_ATRegion2_trg_addr              
00000000  __TI_static_base__                   
00000000  interruptVectors                     
000000c1  AD9959_init                          
00000200  __STACK_SIZE                         
000005ed  AD9959_writeData                     
0000094d  AD9959_writeDataSlow                 
00000bc9  UserTask_init                        
00000cc5  DL_SYSCTL_configSYSPLL               
00000da1  __aeabi_fsub                         
00000da1  __subsf3                             
00000dab  __addsf3                             
00000dab  __aeabi_fadd                         
00000e79  memcpy                               
00000f13  ADC0_IRQHandler                      
00000f13  ADC1_IRQHandler                      
00000f13  AES_IRQHandler                       
00000f13  CANFD0_IRQHandler                    
00000f13  DAC0_IRQHandler                      
00000f13  DMA_IRQHandler                       
00000f13  Default_Handler                      
00000f13  GROUP0_IRQHandler                    
00000f13  GROUP1_IRQHandler                    
00000f13  HardFault_Handler                    
00000f13  I2C0_IRQHandler                      
00000f13  I2C1_IRQHandler                      
00000f13  NMI_Handler                          
00000f13  PendSV_Handler                       
00000f13  RTC_IRQHandler                       
00000f13  SPI0_IRQHandler                      
00000f13  SPI1_IRQHandler                      
00000f13  SVC_Handler                          
00000f13  TIMA0_IRQHandler                     
00000f13  TIMA1_IRQHandler                     
00000f13  TIMG0_IRQHandler                     
00000f13  TIMG12_IRQHandler                    
00000f13  TIMG6_IRQHandler                     
00000f13  TIMG7_IRQHandler                     
00000f13  TIMG8_IRQHandler                     
00000f13  UART0_IRQHandler                     
00000f13  UART1_IRQHandler                     
00000f13  UART2_IRQHandler                     
00000f13  UART3_IRQHandler                     
00000f15  __aeabi_fmul                         
00000f15  __mulsf3                             
00000fa1  DDS_sweep                            
00001029  __TI_decompress_lzss                 
000010a5  __aeabi_fcmpeq                       
000010b9  __aeabi_fcmplt                       
000010cd  __aeabi_fcmple                       
000010e1  __aeabi_fcmpge                       
000010f5  __aeabi_fcmpgt                       
00001107  __aeabi_idiv0                        
00001109  SYSCFG_DL_SYSCTL_init                
00001165  AD9959_setFreq                       
000011ad  DL_SYSCTL_switchMCLKfromSYSOSCtoHSCLK
000011f1  __aeabi_uidiv                        
000011f1  __aeabi_uidivmod                     
00001231  UserTask_loop                        
0000126d  __gesf2                              
0000126d  __gtsf2                              
000012a9  __TI_auto_init_nobinit_nopinit       
000012e5  __cmpsf2                             
000012e5  __eqsf2                              
000012e5  __lesf2                              
000012e5  __ltsf2                              
000012e5  __nesf2                              
00001321  __muldsi3                            
0000135d  SYSCFG_DL_GPIO_init                  
00001395  __aeabi_f2iz                         
00001395  __fixsfsi                            
000013cd  __aeabi_f2uiz                        
000013cd  __fixunssfsi                         
00001401  SYSCFG_DL_SYSTICK_init               
00001431  AD9959_setAmp                        
00001461  SYSCFG_DL_initPower                  
0000148d  _c_int00_noargs                      
000014b5  AD9959_setPhase                      
000014db  DDS_initSweep                        
00001501  AD9959_IOUpdate                      
00001521  Tick_delay                           
00001541  DDS_singleTone                       
0000155f  main                                 
00001575  SYSCFG_DL_init                       
00001589  __TI_decompress_none                 
0000159d  SysTick_Handler                      
000015ad  DL_Common_delayCycles                
000015b7  DDS_init                             
000015bf  DDS_update                           
000015c9  __aeabi_memcpy                       
000015c9  __aeabi_memcpy4                      
000015c9  __aeabi_memcpy8                      
000015d1  Reset_Handler                        
000015d5  _system_pre_init                     
000015d8  C$$EXIT                              
000015d9  abort                                
0000161c  __TI_Handler_Table_Base              
00001624  __TI_CINIT_Base                      
00001624  __TI_Handler_Table_Limit             
0000162c  __TI_CINIT_Limit                     
0000162c  __TI_CINIT_Warm                      
20200000  Sweep                                
20200000  __start___llvm_prf_bits              
20200000  __start___llvm_prf_cnts              
20200000  __stop___llvm_prf_bits               
20200000  __stop___llvm_prf_cnts               
20200054  SingleTone                           
20200074  ACC_FRE_FACTOR                       
20200078  Tick                                 
2020007c  FR1_DATA                             
20200080  SweepTick                            
20203e00  __stack                              
20204000  __STACK_END                          
ffffffff  __TI_pprof_out_hndl                  
ffffffff  __TI_prof_data_size                  
ffffffff  __TI_prof_data_start                 
ffffffff  __binit__                            
ffffffff  binit                                
UNDEFED   __mpu_init                           
UNDEFED   _system_post_cinit                   

[128 symbols]
