<?xml version="1.0" encoding="ISO-8859-1" ?>
<link_info>
   <banner>TI ARM Clang Linker PC v4.0.0.LTS</banner>
   <copyright>Copyright (c) 1996-2018 Texas Instruments Incorporated</copyright>
   <command_line>E:\ti\CCS_THEIA\ccs\tools\compiler\ti-cgt-armllvm_4.0.0.LTS\bin\tiarmlnk -IE:\ti\CCS_THEIA\ccs\tools\compiler\ti-cgt-armllvm_4.0.0.LTS\lib -o 02_Simple_Circuit_CH_Tester.out -m02_Simple_Circuit_CH_Tester.map -iE:/ti/SDK/mspm0_sdk_2_04_00_06/source -iE:/ti/workspace/02_Simple_Circuit_CH_Tester -iE:/ti/workspace/02_Simple_Circuit_CH_Tester/Debug/syscfg -iE:/ti/CCS_THEIA/ccs/tools/compiler/ti-cgt-armllvm_4.0.0.LTS/lib --diag_wrap=off --display_error_number --warn_sections --xml_link_info=02_Simple_Circuit_CH_Tester_linkInfo.xml --rom_model ./Simple_Circuit_CH_Tester.o ./ti_msp_dl_config.o ./startup_mspm0g350x_ticlang.o ./HARDWARE/BTN/BTN.o ./HARDWARE/UART/UART.o ./SYSTEM/Tick.o ./USER/GUI/GUI.o ./USER/UserTask.o -l./device_linker.cmd -ldevice.cmd.genlibs -llibc.a --start-group -llibc++.a -llibc++abi.a -llibc.a -llibsys.a -llibsysbm.a -llibclang_rt.builtins.a -llibclang_rt.profile.a --end-group --cg_opt_level=0</command_line>
   <link_time>0x6826e5d4</link_time>
   <link_errors>0x0</link_errors>
   <output_file>E:\ti\workspace\02_Simple_Circuit_CH_Tester\Debug\02_Simple_Circuit_CH_Tester.out</output_file>
   <entry_point>
      <name>_c_int00_noargs</name>
      <address>0x3cb9</address>
   </entry_point>
   <input_file_list>
      <input_file id="fl-1">
         <path>E:\ti\workspace\02_Simple_Circuit_CH_Tester\Debug\.\</path>
         <kind>object</kind>
         <file>Simple_Circuit_CH_Tester.o</file>
         <name>Simple_Circuit_CH_Tester.o</name>
      </input_file>
      <input_file id="fl-2">
         <path>E:\ti\workspace\02_Simple_Circuit_CH_Tester\Debug\.\</path>
         <kind>object</kind>
         <file>ti_msp_dl_config.o</file>
         <name>ti_msp_dl_config.o</name>
      </input_file>
      <input_file id="fl-3">
         <path>E:\ti\workspace\02_Simple_Circuit_CH_Tester\Debug\.\</path>
         <kind>object</kind>
         <file>startup_mspm0g350x_ticlang.o</file>
         <name>startup_mspm0g350x_ticlang.o</name>
      </input_file>
      <input_file id="fl-4">
         <path>E:\ti\workspace\02_Simple_Circuit_CH_Tester\Debug\.\HARDWARE\BTN\</path>
         <kind>object</kind>
         <file>BTN.o</file>
         <name>BTN.o</name>
      </input_file>
      <input_file id="fl-5">
         <path>E:\ti\workspace\02_Simple_Circuit_CH_Tester\Debug\.\HARDWARE\UART\</path>
         <kind>object</kind>
         <file>UART.o</file>
         <name>UART.o</name>
      </input_file>
      <input_file id="fl-6">
         <path>E:\ti\workspace\02_Simple_Circuit_CH_Tester\Debug\.\SYSTEM\</path>
         <kind>object</kind>
         <file>Tick.o</file>
         <name>Tick.o</name>
      </input_file>
      <input_file id="fl-7">
         <path>E:\ti\workspace\02_Simple_Circuit_CH_Tester\Debug\.\USER\GUI\</path>
         <kind>object</kind>
         <file>GUI.o</file>
         <name>GUI.o</name>
      </input_file>
      <input_file id="fl-8">
         <path>E:\ti\workspace\02_Simple_Circuit_CH_Tester\Debug\.\USER\</path>
         <kind>object</kind>
         <file>UserTask.o</file>
         <name>UserTask.o</name>
      </input_file>
      <input_file id="fl-15">
         <path>E:\ti\workspace\02_Simple_Circuit_CH_Tester\Debug\</path>
         <kind>object</kind>
         <file>&lt;internal&gt;</file>
         <name>&lt;internal&gt;</name>
      </input_file>
      <input_file id="fl-16">
         <path>E:\ti\SDK\mspm0_sdk_2_04_00_06\source\ti\driverlib\lib\ticlang\m0p\mspm0g1x0x_g3x0x\</path>
         <kind>archive</kind>
         <file>driverlib.a</file>
         <name>dl_adc12.o</name>
      </input_file>
      <input_file id="fl-17">
         <path>E:\ti\SDK\mspm0_sdk_2_04_00_06\source\ti\driverlib\lib\ticlang\m0p\mspm0g1x0x_g3x0x\</path>
         <kind>archive</kind>
         <file>driverlib.a</file>
         <name>dl_common.o</name>
      </input_file>
      <input_file id="fl-18">
         <path>E:\ti\SDK\mspm0_sdk_2_04_00_06\source\ti\driverlib\lib\ticlang\m0p\mspm0g1x0x_g3x0x\</path>
         <kind>archive</kind>
         <file>driverlib.a</file>
         <name>dl_uart.o</name>
      </input_file>
      <input_file id="fl-19">
         <path>E:\ti\SDK\mspm0_sdk_2_04_00_06\source\ti\driverlib\lib\ticlang\m0p\mspm0g1x0x_g3x0x\</path>
         <kind>archive</kind>
         <file>driverlib.a</file>
         <name>dl_sysctl_mspm0g1x0x_g3x0x.o</name>
      </input_file>
      <input_file id="fl-2e">
         <path>E:\ti\CCS_THEIA\ccs\tools\compiler\ti-cgt-armllvm_4.0.0.LTS\lib\armv6m-ti-none-eabi\c\</path>
         <kind>archive</kind>
         <file>libc.a</file>
         <name>e_log10f.c.obj</name>
      </input_file>
      <input_file id="fl-2f">
         <path>E:\ti\CCS_THEIA\ccs\tools\compiler\ti-cgt-armllvm_4.0.0.LTS\lib\armv6m-ti-none-eabi\c\</path>
         <kind>archive</kind>
         <file>libc.a</file>
         <name>sprintf.c.obj</name>
      </input_file>
      <input_file id="fl-30">
         <path>E:\ti\CCS_THEIA\ccs\tools\compiler\ti-cgt-armllvm_4.0.0.LTS\lib\armv6m-ti-none-eabi\c\</path>
         <kind>archive</kind>
         <file>libc.a</file>
         <name>e_log10.c.obj</name>
      </input_file>
      <input_file id="fl-31">
         <path>E:\ti\CCS_THEIA\ccs\tools\compiler\ti-cgt-armllvm_4.0.0.LTS\lib\armv6m-ti-none-eabi\c\</path>
         <kind>archive</kind>
         <file>libc.a</file>
         <name>aeabi_portable.c.obj</name>
      </input_file>
      <input_file id="fl-32">
         <path>E:\ti\CCS_THEIA\ccs\tools\compiler\ti-cgt-armllvm_4.0.0.LTS\lib\armv6m-ti-none-eabi\c\</path>
         <kind>archive</kind>
         <file>libc.a</file>
         <name>assert.c.obj</name>
      </input_file>
      <input_file id="fl-33">
         <path>E:\ti\CCS_THEIA\ccs\tools\compiler\ti-cgt-armllvm_4.0.0.LTS\lib\armv6m-ti-none-eabi\c\</path>
         <kind>archive</kind>
         <file>libc.a</file>
         <name>defs.c.obj</name>
      </input_file>
      <input_file id="fl-34">
         <path>E:\ti\CCS_THEIA\ccs\tools\compiler\ti-cgt-armllvm_4.0.0.LTS\lib\armv6m-ti-none-eabi\c\</path>
         <kind>archive</kind>
         <file>libc.a</file>
         <name>memory.c.obj</name>
      </input_file>
      <input_file id="fl-35">
         <path>E:\ti\CCS_THEIA\ccs\tools\compiler\ti-cgt-armllvm_4.0.0.LTS\lib\armv6m-ti-none-eabi\c\</path>
         <kind>archive</kind>
         <file>libc.a</file>
         <name>strchr.c.obj</name>
      </input_file>
      <input_file id="fl-36">
         <path>E:\ti\CCS_THEIA\ccs\tools\compiler\ti-cgt-armllvm_4.0.0.LTS\lib\armv6m-ti-none-eabi\c\</path>
         <kind>archive</kind>
         <file>libc.a</file>
         <name>strtof.c.obj</name>
      </input_file>
      <input_file id="fl-37">
         <path>E:\ti\CCS_THEIA\ccs\tools\compiler\ti-cgt-armllvm_4.0.0.LTS\lib\armv6m-ti-none-eabi\c\</path>
         <kind>archive</kind>
         <file>libc.a</file>
         <name>boot_cortex_m.c.obj</name>
      </input_file>
      <input_file id="fl-38">
         <path>E:\ti\CCS_THEIA\ccs\tools\compiler\ti-cgt-armllvm_4.0.0.LTS\lib\armv6m-ti-none-eabi\c\</path>
         <kind>archive</kind>
         <file>libc.a</file>
         <name>mathacl_init.c.obj</name>
      </input_file>
      <input_file id="fl-39">
         <path>E:\ti\CCS_THEIA\ccs\tools\compiler\ti-cgt-armllvm_4.0.0.LTS\lib\armv6m-ti-none-eabi\c\</path>
         <kind>archive</kind>
         <file>libc.a</file>
         <name>autoinit.c.obj</name>
      </input_file>
      <input_file id="fl-3a">
         <path>E:\ti\CCS_THEIA\ccs\tools\compiler\ti-cgt-armllvm_4.0.0.LTS\lib\armv6m-ti-none-eabi\c\</path>
         <kind>archive</kind>
         <file>libc.a</file>
         <name>pre_init.c.obj</name>
      </input_file>
      <input_file id="fl-3b">
         <path>E:\ti\CCS_THEIA\ccs\tools\compiler\ti-cgt-armllvm_4.0.0.LTS\lib\armv6m-ti-none-eabi\c\</path>
         <kind>archive</kind>
         <file>libc.a</file>
         <name>cpy_tbl.c.obj</name>
      </input_file>
      <input_file id="fl-3c">
         <path>E:\ti\CCS_THEIA\ccs\tools\compiler\ti-cgt-armllvm_4.0.0.LTS\lib\armv6m-ti-none-eabi\c\</path>
         <kind>archive</kind>
         <file>libc.a</file>
         <name>copy_zero_init.c.obj</name>
      </input_file>
      <input_file id="fl-3d">
         <path>E:\ti\CCS_THEIA\ccs\tools\compiler\ti-cgt-armllvm_4.0.0.LTS\lib\armv6m-ti-none-eabi\c\</path>
         <kind>archive</kind>
         <file>libc.a</file>
         <name>copy_decompress_none.c.obj</name>
      </input_file>
      <input_file id="fl-3e">
         <path>E:\ti\CCS_THEIA\ccs\tools\compiler\ti-cgt-armllvm_4.0.0.LTS\lib\armv6m-ti-none-eabi\c\</path>
         <kind>archive</kind>
         <file>libc.a</file>
         <name>copy_decompress_lzss.c.obj</name>
      </input_file>
      <input_file id="fl-3f">
         <path>E:\ti\CCS_THEIA\ccs\tools\compiler\ti-cgt-armllvm_4.0.0.LTS\lib\armv6m-ti-none-eabi\c\</path>
         <kind>archive</kind>
         <file>libc.a</file>
         <name>s_scalbnf.c.obj</name>
      </input_file>
      <input_file id="fl-40">
         <path>E:\ti\CCS_THEIA\ccs\tools\compiler\ti-cgt-armllvm_4.0.0.LTS\lib\armv6m-ti-none-eabi\c\</path>
         <kind>archive</kind>
         <file>libc.a</file>
         <name>_printfi.c.obj</name>
      </input_file>
      <input_file id="fl-41">
         <path>E:\ti\CCS_THEIA\ccs\tools\compiler\ti-cgt-armllvm_4.0.0.LTS\lib\armv6m-ti-none-eabi\c\</path>
         <kind>archive</kind>
         <file>libc.a</file>
         <name>fflush.c.obj</name>
      </input_file>
      <input_file id="fl-42">
         <path>E:\ti\CCS_THEIA\ccs\tools\compiler\ti-cgt-armllvm_4.0.0.LTS\lib\armv6m-ti-none-eabi\c\</path>
         <kind>archive</kind>
         <file>libc.a</file>
         <name>fputs.c.obj</name>
      </input_file>
      <input_file id="fl-43">
         <path>E:\ti\CCS_THEIA\ccs\tools\compiler\ti-cgt-armllvm_4.0.0.LTS\lib\armv6m-ti-none-eabi\c\</path>
         <kind>archive</kind>
         <file>libc.a</file>
         <name>_io_perm.c.obj</name>
      </input_file>
      <input_file id="fl-44">
         <path>E:\ti\CCS_THEIA\ccs\tools\compiler\ti-cgt-armllvm_4.0.0.LTS\lib\armv6m-ti-none-eabi\c\</path>
         <kind>archive</kind>
         <file>libc.a</file>
         <name>setvbuf.c.obj</name>
      </input_file>
      <input_file id="fl-45">
         <path>E:\ti\CCS_THEIA\ccs\tools\compiler\ti-cgt-armllvm_4.0.0.LTS\lib\armv6m-ti-none-eabi\c\</path>
         <kind>archive</kind>
         <file>libc.a</file>
         <name>wcslen.c.obj</name>
      </input_file>
      <input_file id="fl-46">
         <path>E:\ti\CCS_THEIA\ccs\tools\compiler\ti-cgt-armllvm_4.0.0.LTS\lib\armv6m-ti-none-eabi\c\</path>
         <kind>archive</kind>
         <file>libc.a</file>
         <name>s_frexp.c.obj</name>
      </input_file>
      <input_file id="fl-47">
         <path>E:\ti\CCS_THEIA\ccs\tools\compiler\ti-cgt-armllvm_4.0.0.LTS\lib\armv6m-ti-none-eabi\c\</path>
         <kind>archive</kind>
         <file>libc.a</file>
         <name>s_scalbn.c.obj</name>
      </input_file>
      <input_file id="fl-48">
         <path>E:\ti\CCS_THEIA\ccs\tools\compiler\ti-cgt-armllvm_4.0.0.LTS\lib\armv6m-ti-none-eabi\c\</path>
         <kind>archive</kind>
         <file>libc.a</file>
         <name>aeabi_ctype.S.obj</name>
      </input_file>
      <input_file id="fl-49">
         <path>E:\ti\CCS_THEIA\ccs\tools\compiler\ti-cgt-armllvm_4.0.0.LTS\lib\armv6m-ti-none-eabi\c\</path>
         <kind>archive</kind>
         <file>libc.a</file>
         <name>exit.c.obj</name>
      </input_file>
      <input_file id="fl-4a">
         <path>E:\ti\CCS_THEIA\ccs\tools\compiler\ti-cgt-armllvm_4.0.0.LTS\lib\armv6m-ti-none-eabi\c\</path>
         <kind>archive</kind>
         <file>libc.a</file>
         <name>_lock.c.obj</name>
      </input_file>
      <input_file id="fl-4b">
         <path>E:\ti\CCS_THEIA\ccs\tools\compiler\ti-cgt-armllvm_4.0.0.LTS\lib\armv6m-ti-none-eabi\c\</path>
         <kind>archive</kind>
         <file>libc.a</file>
         <name>_ltoa.c.obj</name>
      </input_file>
      <input_file id="fl-4c">
         <path>E:\ti\CCS_THEIA\ccs\tools\compiler\ti-cgt-armllvm_4.0.0.LTS\lib\armv6m-ti-none-eabi\c\</path>
         <kind>archive</kind>
         <file>libc.a</file>
         <name>args_main.c.obj</name>
      </input_file>
      <input_file id="fl-4d">
         <path>E:\ti\CCS_THEIA\ccs\tools\compiler\ti-cgt-armllvm_4.0.0.LTS\lib\armv6m-ti-none-eabi\c\</path>
         <kind>archive</kind>
         <file>libc.a</file>
         <name>atoi.c.obj</name>
      </input_file>
      <input_file id="fl-4e">
         <path>E:\ti\CCS_THEIA\ccs\tools\compiler\ti-cgt-armllvm_4.0.0.LTS\lib\armv6m-ti-none-eabi\c\</path>
         <kind>archive</kind>
         <file>libc.a</file>
         <name>memccpy.c.obj</name>
      </input_file>
      <input_file id="fl-4f">
         <path>E:\ti\CCS_THEIA\ccs\tools\compiler\ti-cgt-armllvm_4.0.0.LTS\lib\armv6m-ti-none-eabi\c\</path>
         <kind>archive</kind>
         <file>libc.a</file>
         <name>fopen.c.obj</name>
      </input_file>
      <input_file id="fl-50">
         <path>E:\ti\CCS_THEIA\ccs\tools\compiler\ti-cgt-armllvm_4.0.0.LTS\lib\armv6m-ti-none-eabi\c\</path>
         <kind>archive</kind>
         <file>libc.a</file>
         <name>fseek.c.obj</name>
      </input_file>
      <input_file id="fl-51">
         <path>E:\ti\CCS_THEIA\ccs\tools\compiler\ti-cgt-armllvm_4.0.0.LTS\lib\armv6m-ti-none-eabi\c\</path>
         <kind>archive</kind>
         <file>libc.a</file>
         <name>fclose.c.obj</name>
      </input_file>
      <input_file id="fl-e7">
         <path>E:\ti\CCS_THEIA\ccs\tools\compiler\ti-cgt-armllvm_4.0.0.LTS\lib\armv6m-ti-none-eabi\c\</path>
         <kind>archive</kind>
         <file>libsysbm.a</file>
         <name>write.c.obj</name>
      </input_file>
      <input_file id="fl-e8">
         <path>E:\ti\CCS_THEIA\ccs\tools\compiler\ti-cgt-armllvm_4.0.0.LTS\lib\armv6m-ti-none-eabi\c\</path>
         <kind>archive</kind>
         <file>libsysbm.a</file>
         <name>host_device.c.obj</name>
      </input_file>
      <input_file id="fl-e9">
         <path>E:\ti\CCS_THEIA\ccs\tools\compiler\ti-cgt-armllvm_4.0.0.LTS\lib\armv6m-ti-none-eabi\c\</path>
         <kind>archive</kind>
         <file>libsysbm.a</file>
         <name>remove.c.obj</name>
      </input_file>
      <input_file id="fl-ea">
         <path>E:\ti\CCS_THEIA\ccs\tools\compiler\ti-cgt-armllvm_4.0.0.LTS\lib\armv6m-ti-none-eabi\c\</path>
         <kind>archive</kind>
         <file>libsysbm.a</file>
         <name>open.c.obj</name>
      </input_file>
      <input_file id="fl-eb">
         <path>E:\ti\CCS_THEIA\ccs\tools\compiler\ti-cgt-armllvm_4.0.0.LTS\lib\armv6m-ti-none-eabi\c\</path>
         <kind>archive</kind>
         <file>libsysbm.a</file>
         <name>lseek.c.obj</name>
      </input_file>
      <input_file id="fl-ec">
         <path>E:\ti\CCS_THEIA\ccs\tools\compiler\ti-cgt-armllvm_4.0.0.LTS\lib\armv6m-ti-none-eabi\c\</path>
         <kind>archive</kind>
         <file>libsysbm.a</file>
         <name>close.c.obj</name>
      </input_file>
      <input_file id="fl-ed">
         <path>E:\ti\CCS_THEIA\ccs\tools\compiler\ti-cgt-armllvm_4.0.0.LTS\lib\armv6m-ti-none-eabi\c\</path>
         <kind>archive</kind>
         <file>libsysbm.a</file>
         <name>unlink.c.obj</name>
      </input_file>
      <input_file id="fl-ee">
         <path>E:\ti\CCS_THEIA\ccs\tools\compiler\ti-cgt-armllvm_4.0.0.LTS\lib\armv6m-ti-none-eabi\c\</path>
         <kind>archive</kind>
         <file>libsysbm.a</file>
         <name>hostclose.c.obj</name>
      </input_file>
      <input_file id="fl-ef">
         <path>E:\ti\CCS_THEIA\ccs\tools\compiler\ti-cgt-armllvm_4.0.0.LTS\lib\armv6m-ti-none-eabi\c\</path>
         <kind>archive</kind>
         <file>libsysbm.a</file>
         <name>hostlseek.c.obj</name>
      </input_file>
      <input_file id="fl-f0">
         <path>E:\ti\CCS_THEIA\ccs\tools\compiler\ti-cgt-armllvm_4.0.0.LTS\lib\armv6m-ti-none-eabi\c\</path>
         <kind>archive</kind>
         <file>libsysbm.a</file>
         <name>hostopen.c.obj</name>
      </input_file>
      <input_file id="fl-f1">
         <path>E:\ti\CCS_THEIA\ccs\tools\compiler\ti-cgt-armllvm_4.0.0.LTS\lib\armv6m-ti-none-eabi\c\</path>
         <kind>archive</kind>
         <file>libsysbm.a</file>
         <name>hostread.c.obj</name>
      </input_file>
      <input_file id="fl-f2">
         <path>E:\ti\CCS_THEIA\ccs\tools\compiler\ti-cgt-armllvm_4.0.0.LTS\lib\armv6m-ti-none-eabi\c\</path>
         <kind>archive</kind>
         <file>libsysbm.a</file>
         <name>hostrename.c.obj</name>
      </input_file>
      <input_file id="fl-f3">
         <path>E:\ti\CCS_THEIA\ccs\tools\compiler\ti-cgt-armllvm_4.0.0.LTS\lib\armv6m-ti-none-eabi\c\</path>
         <kind>archive</kind>
         <file>libsysbm.a</file>
         <name>hostunlink.c.obj</name>
      </input_file>
      <input_file id="fl-f4">
         <path>E:\ti\CCS_THEIA\ccs\tools\compiler\ti-cgt-armllvm_4.0.0.LTS\lib\armv6m-ti-none-eabi\c\</path>
         <kind>archive</kind>
         <file>libsysbm.a</file>
         <name>hostwrite.c.obj</name>
      </input_file>
      <input_file id="fl-f5">
         <path>E:\ti\CCS_THEIA\ccs\tools\compiler\ti-cgt-armllvm_4.0.0.LTS\lib\armv6m-ti-none-eabi\c\</path>
         <kind>archive</kind>
         <file>libsysbm.a</file>
         <name>trgmsg.c.obj</name>
      </input_file>
      <input_file id="fl-f6">
         <path>E:\ti\CCS_THEIA\ccs\tools\compiler\ti-cgt-armllvm_4.0.0.LTS\lib\armv6m-ti-none-eabi\</path>
         <kind>archive</kind>
         <file>libclang_rt.builtins.a</file>
         <name>addsf3.S.obj</name>
      </input_file>
      <input_file id="fl-f7">
         <path>E:\ti\CCS_THEIA\ccs\tools\compiler\ti-cgt-armllvm_4.0.0.LTS\lib\armv6m-ti-none-eabi\</path>
         <kind>archive</kind>
         <file>libclang_rt.builtins.a</file>
         <name>adddf3.S.obj</name>
      </input_file>
      <input_file id="fl-f8">
         <path>E:\ti\CCS_THEIA\ccs\tools\compiler\ti-cgt-armllvm_4.0.0.LTS\lib\armv6m-ti-none-eabi\</path>
         <kind>archive</kind>
         <file>libclang_rt.builtins.a</file>
         <name>muldf3.S.obj</name>
      </input_file>
      <input_file id="fl-f9">
         <path>E:\ti\CCS_THEIA\ccs\tools\compiler\ti-cgt-armllvm_4.0.0.LTS\lib\armv6m-ti-none-eabi\</path>
         <kind>archive</kind>
         <file>libclang_rt.builtins.a</file>
         <name>muldsi3.S.obj</name>
      </input_file>
      <input_file id="fl-fa">
         <path>E:\ti\CCS_THEIA\ccs\tools\compiler\ti-cgt-armllvm_4.0.0.LTS\lib\armv6m-ti-none-eabi\</path>
         <kind>archive</kind>
         <file>libclang_rt.builtins.a</file>
         <name>mulsf3.S.obj</name>
      </input_file>
      <input_file id="fl-fb">
         <path>E:\ti\CCS_THEIA\ccs\tools\compiler\ti-cgt-armllvm_4.0.0.LTS\lib\armv6m-ti-none-eabi\</path>
         <kind>archive</kind>
         <file>libclang_rt.builtins.a</file>
         <name>divsf3.S.obj</name>
      </input_file>
      <input_file id="fl-fc">
         <path>E:\ti\CCS_THEIA\ccs\tools\compiler\ti-cgt-armllvm_4.0.0.LTS\lib\armv6m-ti-none-eabi\</path>
         <kind>archive</kind>
         <file>libclang_rt.builtins.a</file>
         <name>divdf3.S.obj</name>
      </input_file>
      <input_file id="fl-fd">
         <path>E:\ti\CCS_THEIA\ccs\tools\compiler\ti-cgt-armllvm_4.0.0.LTS\lib\armv6m-ti-none-eabi\</path>
         <kind>archive</kind>
         <file>libclang_rt.builtins.a</file>
         <name>extendsfdf2.S.obj</name>
      </input_file>
      <input_file id="fl-fe">
         <path>E:\ti\CCS_THEIA\ccs\tools\compiler\ti-cgt-armllvm_4.0.0.LTS\lib\armv6m-ti-none-eabi\</path>
         <kind>archive</kind>
         <file>libclang_rt.builtins.a</file>
         <name>fixdfsi.S.obj</name>
      </input_file>
      <input_file id="fl-ff">
         <path>E:\ti\CCS_THEIA\ccs\tools\compiler\ti-cgt-armllvm_4.0.0.LTS\lib\armv6m-ti-none-eabi\</path>
         <kind>archive</kind>
         <file>libclang_rt.builtins.a</file>
         <name>fixsfsi.S.obj</name>
      </input_file>
      <input_file id="fl-100">
         <path>E:\ti\CCS_THEIA\ccs\tools\compiler\ti-cgt-armllvm_4.0.0.LTS\lib\armv6m-ti-none-eabi\</path>
         <kind>archive</kind>
         <file>libclang_rt.builtins.a</file>
         <name>floatsidf.S.obj</name>
      </input_file>
      <input_file id="fl-101">
         <path>E:\ti\CCS_THEIA\ccs\tools\compiler\ti-cgt-armllvm_4.0.0.LTS\lib\armv6m-ti-none-eabi\</path>
         <kind>archive</kind>
         <file>libclang_rt.builtins.a</file>
         <name>floatsisf.S.obj</name>
      </input_file>
      <input_file id="fl-102">
         <path>E:\ti\CCS_THEIA\ccs\tools\compiler\ti-cgt-armllvm_4.0.0.LTS\lib\armv6m-ti-none-eabi\</path>
         <kind>archive</kind>
         <file>libclang_rt.builtins.a</file>
         <name>floatunsisf.S.obj</name>
      </input_file>
      <input_file id="fl-103">
         <path>E:\ti\CCS_THEIA\ccs\tools\compiler\ti-cgt-armllvm_4.0.0.LTS\lib\armv6m-ti-none-eabi\</path>
         <kind>archive</kind>
         <file>libclang_rt.builtins.a</file>
         <name>muldi3.S.obj</name>
      </input_file>
      <input_file id="fl-104">
         <path>E:\ti\CCS_THEIA\ccs\tools\compiler\ti-cgt-armllvm_4.0.0.LTS\lib\armv6m-ti-none-eabi\</path>
         <kind>archive</kind>
         <file>libclang_rt.builtins.a</file>
         <name>truncdfsf2.S.obj</name>
      </input_file>
      <input_file id="fl-105">
         <path>E:\ti\CCS_THEIA\ccs\tools\compiler\ti-cgt-armllvm_4.0.0.LTS\lib\armv6m-ti-none-eabi\</path>
         <kind>archive</kind>
         <file>libclang_rt.builtins.a</file>
         <name>aeabi_dcmp.S.obj</name>
      </input_file>
      <input_file id="fl-106">
         <path>E:\ti\CCS_THEIA\ccs\tools\compiler\ti-cgt-armllvm_4.0.0.LTS\lib\armv6m-ti-none-eabi\</path>
         <kind>archive</kind>
         <file>libclang_rt.builtins.a</file>
         <name>aeabi_fcmp.S.obj</name>
      </input_file>
      <input_file id="fl-107">
         <path>E:\ti\CCS_THEIA\ccs\tools\compiler\ti-cgt-armllvm_4.0.0.LTS\lib\armv6m-ti-none-eabi\</path>
         <kind>archive</kind>
         <file>libclang_rt.builtins.a</file>
         <name>aeabi_idivmod.S.obj</name>
      </input_file>
      <input_file id="fl-108">
         <path>E:\ti\CCS_THEIA\ccs\tools\compiler\ti-cgt-armllvm_4.0.0.LTS\lib\armv6m-ti-none-eabi\</path>
         <kind>archive</kind>
         <file>libclang_rt.builtins.a</file>
         <name>aeabi_memcpy.S.obj</name>
      </input_file>
      <input_file id="fl-109">
         <path>E:\ti\CCS_THEIA\ccs\tools\compiler\ti-cgt-armllvm_4.0.0.LTS\lib\armv6m-ti-none-eabi\</path>
         <kind>archive</kind>
         <file>libclang_rt.builtins.a</file>
         <name>aeabi_memset.S.obj</name>
      </input_file>
      <input_file id="fl-10a">
         <path>E:\ti\CCS_THEIA\ccs\tools\compiler\ti-cgt-armllvm_4.0.0.LTS\lib\armv6m-ti-none-eabi\</path>
         <kind>archive</kind>
         <file>libclang_rt.builtins.a</file>
         <name>aeabi_uidivmod.S.obj</name>
      </input_file>
      <input_file id="fl-10b">
         <path>E:\ti\CCS_THEIA\ccs\tools\compiler\ti-cgt-armllvm_4.0.0.LTS\lib\armv6m-ti-none-eabi\</path>
         <kind>archive</kind>
         <file>libclang_rt.builtins.a</file>
         <name>aeabi_uldivmod.S.obj</name>
      </input_file>
      <input_file id="fl-10c">
         <path>E:\ti\CCS_THEIA\ccs\tools\compiler\ti-cgt-armllvm_4.0.0.LTS\lib\armv6m-ti-none-eabi\</path>
         <kind>archive</kind>
         <file>libclang_rt.builtins.a</file>
         <name>comparesf2.S.obj</name>
      </input_file>
      <input_file id="fl-10d">
         <path>E:\ti\CCS_THEIA\ccs\tools\compiler\ti-cgt-armllvm_4.0.0.LTS\lib\armv6m-ti-none-eabi\</path>
         <kind>archive</kind>
         <file>libclang_rt.builtins.a</file>
         <name>udivmoddi4.S.obj</name>
      </input_file>
      <input_file id="fl-10e">
         <path>E:\ti\CCS_THEIA\ccs\tools\compiler\ti-cgt-armllvm_4.0.0.LTS\lib\armv6m-ti-none-eabi\</path>
         <kind>archive</kind>
         <file>libclang_rt.builtins.a</file>
         <name>ashldi3.S.obj</name>
      </input_file>
      <input_file id="fl-10f">
         <path>E:\ti\CCS_THEIA\ccs\tools\compiler\ti-cgt-armllvm_4.0.0.LTS\lib\armv6m-ti-none-eabi\</path>
         <kind>archive</kind>
         <file>libclang_rt.builtins.a</file>
         <name>comparedf2.c.obj</name>
      </input_file>
      <input_file id="fl-110">
         <path>E:\ti\CCS_THEIA\ccs\tools\compiler\ti-cgt-armllvm_4.0.0.LTS\lib\armv6m-ti-none-eabi\</path>
         <kind>archive</kind>
         <file>libclang_rt.builtins.a</file>
         <name>aeabi_div0.c.obj</name>
      </input_file>
      <input_file id="fl-111">
         <path>E:\ti\CCS_THEIA\ccs\tools\compiler\ti-cgt-armllvm_4.0.0.LTS\lib\armv6m-ti-none-eabi\c\</path>
         <kind>archive</kind>
         <file>libc.a</file>
         <name>getdevice.c.obj</name>
      </input_file>
      <input_file id="fl-112">
         <path>E:\ti\CCS_THEIA\ccs\tools\compiler\ti-cgt-armllvm_4.0.0.LTS\lib\armv6m-ti-none-eabi\c\</path>
         <kind>archive</kind>
         <file>libc.a</file>
         <name>memcpy16.S.obj</name>
      </input_file>
      <input_file id="fl-113">
         <path>E:\ti\CCS_THEIA\ccs\tools\compiler\ti-cgt-armllvm_4.0.0.LTS\lib\armv6m-ti-none-eabi\c\</path>
         <kind>archive</kind>
         <file>libc.a</file>
         <name>memset16.S.obj</name>
      </input_file>
      <input_file id="fl-114">
         <path>E:\ti\CCS_THEIA\ccs\tools\compiler\ti-cgt-armllvm_4.0.0.LTS\lib\armv6m-ti-none-eabi\c\</path>
         <kind>archive</kind>
         <file>libc.a</file>
         <name>strcmp-armv6m.S.obj</name>
      </input_file>
   </input_file_list>
   <object_component_list>
      <object_component id="oc-18">
         <name>.intvecs</name>
         <load_address>0x0</load_address>
         <readonly>true</readonly>
         <run_address>0x0</run_address>
         <size>0xc0</size>
         <alignment>0x4</alignment>
         <input_file_ref idref="fl-3"/>
      </object_component>
      <object_component id="oc-209">
         <name>.text:__TI_printfi</name>
         <load_address>0xc0</load_address>
         <readonly>true</readonly>
         <executable>true</executable>
         <run_address>0xc0</run_address>
         <size>0x9d0</size>
         <alignment>0x4</alignment>
         <input_file_ref idref="fl-40"/>
      </object_component>
      <object_component id="oc-1a2">
         <name>.text.strtof</name>
         <load_address>0xa90</load_address>
         <readonly>true</readonly>
         <executable>true</executable>
         <run_address>0xa90</run_address>
         <size>0x360</size>
         <alignment>0x4</alignment>
         <input_file_ref idref="fl-36"/>
      </object_component>
      <object_component id="oc-185">
         <name>.text.log10</name>
         <load_address>0xdf0</load_address>
         <readonly>true</readonly>
         <executable>true</executable>
         <run_address>0xdf0</run_address>
         <size>0x2e0</size>
         <alignment>0x4</alignment>
         <input_file_ref idref="fl-30"/>
      </object_component>
      <object_component id="oc-22d">
         <name>.text._pconv_a</name>
         <load_address>0x10d0</load_address>
         <readonly>true</readonly>
         <executable>true</executable>
         <run_address>0x10d0</run_address>
         <size>0x220</size>
         <alignment>0x4</alignment>
         <input_file_ref idref="fl-40"/>
      </object_component>
      <object_component id="oc-d8">
         <name>.text.PlotAmpFreq</name>
         <load_address>0x12f0</load_address>
         <readonly>true</readonly>
         <executable>true</executable>
         <run_address>0x12f0</run_address>
         <size>0x1f0</size>
         <alignment>0x4</alignment>
         <input_file_ref idref="fl-8"/>
      </object_component>
      <object_component id="oc-232">
         <name>.text._pconv_g</name>
         <load_address>0x14e0</load_address>
         <readonly>true</readonly>
         <executable>true</executable>
         <run_address>0x14e0</run_address>
         <size>0x1dc</size>
         <alignment>0x4</alignment>
         <input_file_ref idref="fl-40"/>
      </object_component>
      <object_component id="oc-d6">
         <name>.text.CalOutputImp</name>
         <load_address>0x16bc</load_address>
         <readonly>true</readonly>
         <executable>true</executable>
         <run_address>0x16bc</run_address>
         <size>0x1c4</size>
         <alignment>0x4</alignment>
         <input_file_ref idref="fl-8"/>
      </object_component>
      <object_component id="oc-1ac">
         <name>.text.log10f</name>
         <load_address>0x1880</load_address>
         <readonly>true</readonly>
         <executable>true</executable>
         <run_address>0x1880</run_address>
         <size>0x194</size>
         <alignment>0x4</alignment>
         <input_file_ref idref="fl-2e"/>
      </object_component>
      <object_component id="oc-18f">
         <name>.text.adddf3_subdf3</name>
         <load_address>0x1a14</load_address>
         <readonly>true</readonly>
         <executable>true</executable>
         <run_address>0x1a14</run_address>
         <size>0x192</size>
         <alignment>0x4</alignment>
         <input_file_ref idref="fl-f7"/>
      </object_component>
      <object_component id="oc-238">
         <name>.text.__aeabi_idiv0</name>
         <load_address>0x1ba6</load_address>
         <readonly>true</readonly>
         <executable>true</executable>
         <run_address>0x1ba6</run_address>
         <size>0x2</size>
         <alignment>0x2</alignment>
         <input_file_ref idref="fl-110"/>
      </object_component>
      <object_component id="oc-267">
         <name>.text.fcvt</name>
         <load_address>0x1ba8</load_address>
         <readonly>true</readonly>
         <executable>true</executable>
         <run_address>0x1ba8</run_address>
         <size>0x13c</size>
         <alignment>0x4</alignment>
         <input_file_ref idref="fl-40"/>
      </object_component>
      <object_component id="oc-234">
         <name>.text._pconv_e</name>
         <load_address>0x1ce4</load_address>
         <readonly>true</readonly>
         <executable>true</executable>
         <run_address>0x1ce4</run_address>
         <size>0x120</size>
         <alignment>0x4</alignment>
         <input_file_ref idref="fl-40"/>
      </object_component>
      <object_component id="oc-d5">
         <name>.text.CalInputImp</name>
         <load_address>0x1e04</load_address>
         <readonly>true</readonly>
         <executable>true</executable>
         <run_address>0x1e04</run_address>
         <size>0x110</size>
         <alignment>0x4</alignment>
         <input_file_ref idref="fl-8"/>
      </object_component>
      <object_component id="oc-1c9">
         <name>.text.__divdf3</name>
         <load_address>0x1f14</load_address>
         <readonly>true</readonly>
         <executable>true</executable>
         <run_address>0x1f14</run_address>
         <size>0x10c</size>
         <alignment>0x4</alignment>
         <input_file_ref idref="fl-fc"/>
      </object_component>
      <object_component id="oc-ce">
         <name>.text.BTN_getData</name>
         <load_address>0x2020</load_address>
         <readonly>true</readonly>
         <executable>true</executable>
         <run_address>0x2020</run_address>
         <size>0x100</size>
         <alignment>0x4</alignment>
         <input_file_ref idref="fl-4"/>
      </object_component>
      <object_component id="oc-d7">
         <name>.text.CalGain</name>
         <load_address>0x2120</load_address>
         <readonly>true</readonly>
         <executable>true</executable>
         <run_address>0x2120</run_address>
         <size>0x100</size>
         <alignment>0x4</alignment>
         <input_file_ref idref="fl-8"/>
      </object_component>
      <object_component id="oc-c5">
         <name>.text.SYSCFG_DL_GPIO_init</name>
         <load_address>0x2220</load_address>
         <readonly>true</readonly>
         <executable>true</executable>
         <run_address>0x2220</run_address>
         <size>0xf0</size>
         <alignment>0x4</alignment>
         <input_file_ref idref="fl-2"/>
      </object_component>
      <object_component id="oc-18b">
         <name>.text.__muldf3</name>
         <load_address>0x2310</load_address>
         <readonly>true</readonly>
         <executable>true</executable>
         <run_address>0x2310</run_address>
         <size>0xe4</size>
         <alignment>0x4</alignment>
         <input_file_ref idref="fl-f8"/>
      </object_component>
      <object_component id="oc-34">
         <name>.text.SysTick_Handler</name>
         <load_address>0x23f4</load_address>
         <readonly>true</readonly>
         <executable>true</executable>
         <run_address>0x23f4</run_address>
         <size>0xe0</size>
         <alignment>0x4</alignment>
         <input_file_ref idref="fl-6"/>
      </object_component>
      <object_component id="oc-fe">
         <name>.text.DL_SYSCTL_configSYSPLL</name>
         <load_address>0x24d4</load_address>
         <readonly>true</readonly>
         <executable>true</executable>
         <run_address>0x24d4</run_address>
         <size>0xdc</size>
         <alignment>0x4</alignment>
         <input_file_ref idref="fl-19"/>
      </object_component>
      <object_component id="oc-24e">
         <name>.text.scalbn</name>
         <load_address>0x25b0</load_address>
         <readonly>true</readonly>
         <executable>true</executable>
         <run_address>0x25b0</run_address>
         <size>0xd8</size>
         <alignment>0x4</alignment>
         <input_file_ref idref="fl-47"/>
      </object_component>
      <object_component id="oc-13a">
         <name>.text</name>
         <load_address>0x2688</load_address>
         <readonly>true</readonly>
         <executable>true</executable>
         <run_address>0x2688</run_address>
         <size>0xd8</size>
         <alignment>0x4</alignment>
         <input_file_ref idref="fl-f6"/>
      </object_component>
      <object_component id="oc-1e1">
         <name>.text.scalbnf</name>
         <load_address>0x2760</load_address>
         <readonly>true</readonly>
         <executable>true</executable>
         <run_address>0x2760</run_address>
         <size>0xb0</size>
         <alignment>0x4</alignment>
         <input_file_ref idref="fl-3f"/>
      </object_component>
      <object_component id="oc-15d">
         <name>.text.get_3dbcutoff_freq</name>
         <load_address>0x2810</load_address>
         <readonly>true</readonly>
         <executable>true</executable>
         <run_address>0x2810</run_address>
         <size>0xa4</size>
         <alignment>0x4</alignment>
         <input_file_ref idref="fl-8"/>
      </object_component>
      <object_component id="oc-245">
         <name>.text</name>
         <load_address>0x28b4</load_address>
         <readonly>true</readonly>
         <executable>true</executable>
         <run_address>0x28b4</run_address>
         <size>0xa2</size>
         <alignment>0x4</alignment>
         <input_file_ref idref="fl-10d"/>
      </object_component>
      <object_component id="oc-26c">
         <name>.text.__aeabi_ldiv0</name>
         <load_address>0x2956</load_address>
         <readonly>true</readonly>
         <executable>true</executable>
         <run_address>0x2956</run_address>
         <size>0x2</size>
         <alignment>0x2</alignment>
         <input_file_ref idref="fl-110"/>
      </object_component>
      <object_component id="oc-3e">
         <name>.text.UART0_IRQHandler</name>
         <load_address>0x2958</load_address>
         <readonly>true</readonly>
         <executable>true</executable>
         <run_address>0x2958</run_address>
         <size>0x9c</size>
         <alignment>0x4</alignment>
         <input_file_ref idref="fl-1"/>
      </object_component>
      <object_component id="oc-15e">
         <name>.text.Param_update</name>
         <load_address>0x29f4</load_address>
         <readonly>true</readonly>
         <executable>true</executable>
         <run_address>0x29f4</run_address>
         <size>0x90</size>
         <alignment>0x4</alignment>
         <input_file_ref idref="fl-8"/>
      </object_component>
      <object_component id="oc-131">
         <name>.text.__mulsf3</name>
         <load_address>0x2a84</load_address>
         <readonly>true</readonly>
         <executable>true</executable>
         <run_address>0x2a84</run_address>
         <size>0x8c</size>
         <alignment>0x4</alignment>
         <input_file_ref idref="fl-fa"/>
      </object_component>
      <object_component id="oc-9e">
         <name>.text.BTNScan</name>
         <load_address>0x2b10</load_address>
         <readonly>true</readonly>
         <executable>true</executable>
         <run_address>0x2b10</run_address>
         <size>0x84</size>
         <alignment>0x4</alignment>
         <input_file_ref idref="fl-8"/>
      </object_component>
      <object_component id="oc-ca">
         <name>.text.SYSCFG_DL_ADC12_0_init</name>
         <load_address>0x2b94</load_address>
         <readonly>true</readonly>
         <executable>true</executable>
         <run_address>0x2b94</run_address>
         <size>0x84</size>
         <alignment>0x4</alignment>
         <input_file_ref idref="fl-2"/>
      </object_component>
      <object_component id="oc-113">
         <name>.text.__NVIC_SetPriority</name>
         <load_address>0x2c18</load_address>
         <readonly>true</readonly>
         <executable>true</executable>
         <run_address>0x2c18</run_address>
         <size>0x84</size>
         <alignment>0x4</alignment>
         <input_file_ref idref="fl-2"/>
      </object_component>
      <object_component id="oc-135">
         <name>.text.__divsf3</name>
         <load_address>0x2c9c</load_address>
         <readonly>true</readonly>
         <executable>true</executable>
         <run_address>0x2c9c</run_address>
         <size>0x82</size>
         <alignment>0x4</alignment>
         <input_file_ref idref="fl-fb"/>
      </object_component>
      <object_component id="oc-c4">
         <name>.text.SYSCFG_DL_initPower</name>
         <load_address>0x2d20</load_address>
         <readonly>true</readonly>
         <executable>true</executable>
         <run_address>0x2d20</run_address>
         <size>0x7c</size>
         <alignment>0x4</alignment>
         <input_file_ref idref="fl-2"/>
      </object_component>
      <object_component id="oc-1c">
         <name>.text:decompress:lzss</name>
         <load_address>0x2d9c</load_address>
         <readonly>true</readonly>
         <executable>true</executable>
         <run_address>0x2d9c</run_address>
         <size>0x7c</size>
         <alignment>0x4</alignment>
         <input_file_ref idref="fl-3e"/>
      </object_component>
      <object_component id="oc-265">
         <name>.text.__gedf2</name>
         <load_address>0x2e18</load_address>
         <readonly>true</readonly>
         <executable>true</executable>
         <run_address>0x2e18</run_address>
         <size>0x74</size>
         <alignment>0x4</alignment>
         <input_file_ref idref="fl-10f"/>
      </object_component>
      <object_component id="oc-33">
         <name>.text.Default_Handler</name>
         <load_address>0x2e8c</load_address>
         <readonly>true</readonly>
         <executable>true</executable>
         <run_address>0x2e8c</run_address>
         <size>0x4</size>
         <alignment>0x2</alignment>
         <input_file_ref idref="fl-3"/>
      </object_component>
      <object_component id="oc-193">
         <name>.text.__truncdfsf2</name>
         <load_address>0x2e90</load_address>
         <readonly>true</readonly>
         <executable>true</executable>
         <run_address>0x2e90</run_address>
         <size>0x74</size>
         <alignment>0x10</alignment>
         <input_file_ref idref="fl-104"/>
      </object_component>
      <object_component id="oc-25f">
         <name>.text.__ledf2</name>
         <load_address>0x2f04</load_address>
         <readonly>true</readonly>
         <executable>true</executable>
         <run_address>0x2f04</run_address>
         <size>0x68</size>
         <alignment>0x4</alignment>
         <input_file_ref idref="fl-10f"/>
      </object_component>
      <object_component id="oc-25e">
         <name>.text._mcpy</name>
         <load_address>0x2f6c</load_address>
         <readonly>true</readonly>
         <executable>true</executable>
         <run_address>0x2f6c</run_address>
         <size>0x66</size>
         <alignment>0x2</alignment>
         <input_file_ref idref="fl-40"/>
      </object_component>
      <object_component id="oc-22e">
         <name>.text.__aeabi_dcmp</name>
         <load_address>0x2fd4</load_address>
         <readonly>true</readonly>
         <executable>true</executable>
         <run_address>0x2fd4</run_address>
         <size>0x62</size>
         <alignment>0x4</alignment>
         <input_file_ref idref="fl-105"/>
      </object_component>
      <object_component id="oc-1b6">
         <name>.text.__aeabi_fcmp</name>
         <load_address>0x3038</load_address>
         <readonly>true</readonly>
         <executable>true</executable>
         <run_address>0x3038</run_address>
         <size>0x62</size>
         <alignment>0x4</alignment>
         <input_file_ref idref="fl-106"/>
      </object_component>
      <object_component id="oc-121">
         <name>.text.DL_ADC12_initSeqSample</name>
         <load_address>0x309c</load_address>
         <readonly>true</readonly>
         <executable>true</executable>
         <run_address>0x309c</run_address>
         <size>0x60</size>
         <alignment>0x4</alignment>
         <input_file_ref idref="fl-2"/>
      </object_component>
      <object_component id="oc-156">
         <name>.text.mapGainToY</name>
         <load_address>0x30fc</load_address>
         <readonly>true</readonly>
         <executable>true</executable>
         <run_address>0x30fc</run_address>
         <size>0x60</size>
         <alignment>0x4</alignment>
         <input_file_ref idref="fl-8"/>
      </object_component>
      <object_component id="oc-24a">
         <name>.text.frexp</name>
         <load_address>0x315c</load_address>
         <readonly>true</readonly>
         <executable>true</executable>
         <run_address>0x315c</run_address>
         <size>0x5c</size>
         <alignment>0x4</alignment>
         <input_file_ref idref="fl-46"/>
      </object_component>
      <object_component id="oc-155">
         <name>.text.mapFreqToX</name>
         <load_address>0x31b8</load_address>
         <readonly>true</readonly>
         <executable>true</executable>
         <run_address>0x31b8</run_address>
         <size>0x5c</size>
         <alignment>0x4</alignment>
         <input_file_ref idref="fl-8"/>
      </object_component>
      <object_component id="oc-256">
         <name>.text.__TI_ltoa</name>
         <load_address>0x3214</load_address>
         <readonly>true</readonly>
         <executable>true</executable>
         <run_address>0x3214</run_address>
         <size>0x58</size>
         <alignment>0x2</alignment>
         <input_file_ref idref="fl-4b"/>
      </object_component>
      <object_component id="oc-233">
         <name>.text._pconv_f</name>
         <load_address>0x326c</load_address>
         <readonly>true</readonly>
         <executable>true</executable>
         <run_address>0x326c</run_address>
         <size>0x58</size>
         <alignment>0x2</alignment>
         <input_file_ref idref="fl-40"/>
      </object_component>
      <object_component id="oc-279">
         <name>.text.__aeabi_idivmod</name>
         <load_address>0x32c4</load_address>
         <readonly>true</readonly>
         <executable>true</executable>
         <run_address>0x32c4</run_address>
         <size>0x56</size>
         <alignment>0x4</alignment>
         <input_file_ref idref="fl-107"/>
      </object_component>
      <object_component id="oc-c7">
         <name>.text.SYSCFG_DL_UART_2_init</name>
         <load_address>0x331c</load_address>
         <readonly>true</readonly>
         <executable>true</executable>
         <run_address>0x331c</run_address>
         <size>0x54</size>
         <alignment>0x4</alignment>
         <input_file_ref idref="fl-2"/>
      </object_component>
      <object_component id="oc-25c">
         <name>.text._ecpy</name>
         <load_address>0x3370</load_address>
         <readonly>true</readonly>
         <executable>true</executable>
         <run_address>0x3370</run_address>
         <size>0x52</size>
         <alignment>0x2</alignment>
         <input_file_ref idref="fl-40"/>
      </object_component>
      <object_component id="oc-127">
         <name>.text.SysTick_Config</name>
         <load_address>0x33c4</load_address>
         <readonly>true</readonly>
         <executable>true</executable>
         <run_address>0x33c4</run_address>
         <size>0x50</size>
         <alignment>0x4</alignment>
         <input_file_ref idref="fl-2"/>
      </object_component>
      <object_component id="oc-a3">
         <name>.text.TaskScan</name>
         <load_address>0x3414</load_address>
         <readonly>true</readonly>
         <executable>true</executable>
         <run_address>0x3414</run_address>
         <size>0x50</size>
         <alignment>0x4</alignment>
         <input_file_ref idref="fl-8"/>
      </object_component>
      <object_component id="oc-111">
         <name>.text.DL_UART_setBaudRateDivisor</name>
         <load_address>0x3464</load_address>
         <readonly>true</readonly>
         <executable>true</executable>
         <run_address>0x3464</run_address>
         <size>0x4c</size>
         <alignment>0x4</alignment>
         <input_file_ref idref="fl-2"/>
      </object_component>
      <object_component id="oc-c6">
         <name>.text.SYSCFG_DL_SYSCTL_init</name>
         <load_address>0x34b0</load_address>
         <readonly>true</readonly>
         <executable>true</executable>
         <run_address>0x34b0</run_address>
         <size>0x4c</size>
         <alignment>0x4</alignment>
         <input_file_ref idref="fl-2"/>
      </object_component>
      <object_component id="oc-122">
         <name>.text.DL_ADC12_configConversionMem</name>
         <load_address>0x34fc</load_address>
         <readonly>true</readonly>
         <executable>true</executable>
         <run_address>0x34fc</run_address>
         <size>0x4a</size>
         <alignment>0x2</alignment>
         <input_file_ref idref="fl-2"/>
      </object_component>
      <object_component id="oc-252">
         <name>.text.__fixdfsi</name>
         <load_address>0x3548</load_address>
         <readonly>true</readonly>
         <executable>true</executable>
         <run_address>0x3548</run_address>
         <size>0x4a</size>
         <alignment>0x4</alignment>
         <input_file_ref idref="fl-fe"/>
      </object_component>
      <object_component id="oc-10f">
         <name>.text.DL_UART_init</name>
         <load_address>0x3594</load_address>
         <readonly>true</readonly>
         <executable>true</executable>
         <run_address>0x3594</run_address>
         <size>0x48</size>
         <alignment>0x4</alignment>
         <input_file_ref idref="fl-18"/>
      </object_component>
      <object_component id="oc-107">
         <name>.text.DL_SYSCTL_switchMCLKfromSYSOSCtoHSCLK</name>
         <load_address>0x35dc</load_address>
         <readonly>true</readonly>
         <executable>true</executable>
         <run_address>0x35dc</run_address>
         <size>0x44</size>
         <alignment>0x4</alignment>
         <input_file_ref idref="fl-19"/>
      </object_component>
      <object_component id="oc-139">
         <name>.text.AD8310_Map</name>
         <load_address>0x3620</load_address>
         <readonly>true</readonly>
         <executable>true</executable>
         <run_address>0x3620</run_address>
         <size>0x40</size>
         <alignment>0x4</alignment>
         <input_file_ref idref="fl-8"/>
      </object_component>
      <object_component id="oc-11b">
         <name>.text.DL_ADC12_setClockConfig</name>
         <load_address>0x3660</load_address>
         <readonly>true</readonly>
         <executable>true</executable>
         <run_address>0x3660</run_address>
         <size>0x40</size>
         <alignment>0x4</alignment>
         <input_file_ref idref="fl-16"/>
      </object_component>
      <object_component id="oc-c8">
         <name>.text.SYSCFG_DL_UART_0_init</name>
         <load_address>0x36a0</load_address>
         <readonly>true</readonly>
         <executable>true</executable>
         <run_address>0x36a0</run_address>
         <size>0x40</size>
         <alignment>0x4</alignment>
         <input_file_ref idref="fl-2"/>
      </object_component>
      <object_component id="oc-c9">
         <name>.text.SYSCFG_DL_UART_1_init</name>
         <load_address>0x36e0</load_address>
         <readonly>true</readonly>
         <executable>true</executable>
         <run_address>0x36e0</run_address>
         <size>0x40</size>
         <alignment>0x4</alignment>
         <input_file_ref idref="fl-2"/>
      </object_component>
      <object_component id="oc-216">
         <name>.text.__aeabi_uidivmod</name>
         <load_address>0x3720</load_address>
         <readonly>true</readonly>
         <executable>true</executable>
         <run_address>0x3720</run_address>
         <size>0x40</size>
         <alignment>0x4</alignment>
         <input_file_ref idref="fl-10a"/>
      </object_component>
      <object_component id="oc-181">
         <name>.text.__extendsfdf2</name>
         <load_address>0x3760</load_address>
         <readonly>true</readonly>
         <executable>true</executable>
         <run_address>0x3760</run_address>
         <size>0x40</size>
         <alignment>0x4</alignment>
         <input_file_ref idref="fl-fd"/>
      </object_component>
      <object_component id="oc-21c">
         <name>.text.atoi</name>
         <load_address>0x37a0</load_address>
         <readonly>true</readonly>
         <executable>true</executable>
         <run_address>0x37a0</run_address>
         <size>0x40</size>
         <alignment>0x4</alignment>
         <input_file_ref idref="fl-4d"/>
      </object_component>
      <object_component id="oc-157">
         <name>.text.draw_line</name>
         <load_address>0x37e0</load_address>
         <readonly>true</readonly>
         <executable>true</executable>
         <run_address>0x37e0</run_address>
         <size>0x40</size>
         <alignment>0x4</alignment>
         <input_file_ref idref="fl-7"/>
      </object_component>
      <object_component id="oc-1ed">
         <name>.text.__floatsisf</name>
         <load_address>0x3820</load_address>
         <readonly>true</readonly>
         <executable>true</executable>
         <run_address>0x3820</run_address>
         <size>0x3c</size>
         <alignment>0x4</alignment>
         <input_file_ref idref="fl-101"/>
      </object_component>
      <object_component id="oc-1fa">
         <name>.text.__gtsf2</name>
         <load_address>0x385c</load_address>
         <readonly>true</readonly>
         <executable>true</executable>
         <run_address>0x385c</run_address>
         <size>0x3c</size>
         <alignment>0x4</alignment>
         <input_file_ref idref="fl-10c"/>
      </object_component>
      <object_component id="oc-143">
         <name>.text.sendNum</name>
         <load_address>0x3898</load_address>
         <readonly>true</readonly>
         <executable>true</executable>
         <run_address>0x3898</run_address>
         <size>0x3c</size>
         <alignment>0x4</alignment>
         <input_file_ref idref="fl-5"/>
      </object_component>
      <object_component id="oc-ab">
         <name>.text:__TI_auto_init_nobinit_nopinit</name>
         <load_address>0x38d4</load_address>
         <readonly>true</readonly>
         <executable>true</executable>
         <run_address>0x38d4</run_address>
         <size>0x3c</size>
         <alignment>0x4</alignment>
         <input_file_ref idref="fl-39"/>
      </object_component>
      <object_component id="oc-1f5">
         <name>.text.__eqsf2</name>
         <load_address>0x3910</load_address>
         <readonly>true</readonly>
         <executable>true</executable>
         <run_address>0x3910</run_address>
         <size>0x3a</size>
         <alignment>0x4</alignment>
         <input_file_ref idref="fl-10c"/>
      </object_component>
      <object_component id="oc-17b">
         <name>.text.__muldsi3</name>
         <load_address>0x394c</load_address>
         <readonly>true</readonly>
         <executable>true</executable>
         <run_address>0x394c</run_address>
         <size>0x3a</size>
         <alignment>0x4</alignment>
         <input_file_ref idref="fl-f9"/>
      </object_component>
      <object_component id="oc-1b2">
         <name>.text.__fixsfsi</name>
         <load_address>0x3988</load_address>
         <readonly>true</readonly>
         <executable>true</executable>
         <run_address>0x3988</run_address>
         <size>0x38</size>
         <alignment>0x4</alignment>
         <input_file_ref idref="fl-ff"/>
      </object_component>
      <object_component id="oc-15c">
         <name>.text.draw_dot</name>
         <load_address>0x39c0</load_address>
         <readonly>true</readonly>
         <executable>true</executable>
         <run_address>0x39c0</run_address>
         <size>0x38</size>
         <alignment>0x4</alignment>
         <input_file_ref idref="fl-7"/>
      </object_component>
      <object_component id="oc-19b">
         <name>.text.sprintf</name>
         <load_address>0x39f8</load_address>
         <readonly>true</readonly>
         <executable>true</executable>
         <run_address>0x39f8</run_address>
         <size>0x38</size>
         <alignment>0x4</alignment>
         <input_file_ref idref="fl-2f"/>
      </object_component>
      <object_component id="oc-f3">
         <name>.text.DL_GPIO_initDigitalInputFeatures</name>
         <load_address>0x3a30</load_address>
         <readonly>true</readonly>
         <executable>true</executable>
         <run_address>0x3a30</run_address>
         <size>0x34</size>
         <alignment>0x4</alignment>
         <input_file_ref idref="fl-2"/>
      </object_component>
      <object_component id="oc-6f">
         <name>.text.__NVIC_DisableIRQ</name>
         <load_address>0x3a64</load_address>
         <readonly>true</readonly>
         <executable>true</executable>
         <run_address>0x3a64</run_address>
         <size>0x34</size>
         <alignment>0x4</alignment>
         <input_file_ref idref="fl-1"/>
      </object_component>
      <object_component id="oc-144">
         <name>.text.__NVIC_DisableIRQ</name>
         <load_address>0x3a98</load_address>
         <readonly>true</readonly>
         <executable>true</executable>
         <run_address>0x3a98</run_address>
         <size>0x34</size>
         <alignment>0x4</alignment>
         <input_file_ref idref="fl-8"/>
      </object_component>
      <object_component id="oc-39">
         <name>.text.ADC1_IRQHandler</name>
         <load_address>0x3acc</load_address>
         <readonly>true</readonly>
         <executable>true</executable>
         <run_address>0x3acc</run_address>
         <size>0x30</size>
         <alignment>0x4</alignment>
         <input_file_ref idref="fl-1"/>
      </object_component>
      <object_component id="oc-12c">
         <name>.text.DL_ADC12_getMemResult</name>
         <load_address>0x3afc</load_address>
         <readonly>true</readonly>
         <executable>true</executable>
         <run_address>0x3afc</run_address>
         <size>0x30</size>
         <alignment>0x4</alignment>
         <input_file_ref idref="fl-8"/>
      </object_component>
      <object_component id="oc-f2">
         <name>.text.DL_GPIO_initDigitalOutputFeatures</name>
         <load_address>0x3b2c</load_address>
         <readonly>true</readonly>
         <executable>true</executable>
         <run_address>0x3b2c</run_address>
         <size>0x30</size>
         <alignment>0x4</alignment>
         <input_file_ref idref="fl-2"/>
      </object_component>
      <object_component id="oc-25d">
         <name>.text._fcpy</name>
         <load_address>0x3b5c</load_address>
         <readonly>true</readonly>
         <executable>true</executable>
         <run_address>0x3b5c</run_address>
         <size>0x30</size>
         <alignment>0x2</alignment>
         <input_file_ref idref="fl-40"/>
      </object_component>
      <object_component id="oc-154">
         <name>.text.parse_rx_buffer</name>
         <load_address>0x3b8c</load_address>
         <readonly>true</readonly>
         <executable>true</executable>
         <run_address>0x3b8c</run_address>
         <size>0x30</size>
         <alignment>0x2</alignment>
         <input_file_ref idref="fl-8"/>
      </object_component>
      <object_component id="oc-129">
         <name>.text.__NVIC_EnableIRQ</name>
         <load_address>0x3bbc</load_address>
         <readonly>true</readonly>
         <executable>true</executable>
         <run_address>0x3bbc</run_address>
         <size>0x2c</size>
         <alignment>0x4</alignment>
         <input_file_ref idref="fl-8"/>
      </object_component>
      <object_component id="oc-1c5">
         <name>.text.__floatsidf</name>
         <load_address>0x3be8</load_address>
         <readonly>true</readonly>
         <executable>true</executable>
         <run_address>0x3be8</run_address>
         <size>0x2c</size>
         <alignment>0x4</alignment>
         <input_file_ref idref="fl-100"/>
      </object_component>
      <object_component id="oc-13e">
         <name>.text.sendString</name>
         <load_address>0x3c14</load_address>
         <readonly>true</readonly>
         <executable>true</executable>
         <run_address>0x3c14</run_address>
         <size>0x2a</size>
         <alignment>0x2</alignment>
         <input_file_ref idref="fl-5"/>
      </object_component>
      <object_component id="oc-173">
         <name>.text.DL_Common_updateReg</name>
         <load_address>0x3c3e</load_address>
         <readonly>true</readonly>
         <executable>true</executable>
         <run_address>0x3c3e</run_address>
         <size>0x28</size>
         <alignment>0x2</alignment>
         <input_file_ref idref="fl-2"/>
      </object_component>
      <object_component id="oc-12d">
         <name>.text.__floatunsisf</name>
         <load_address>0x3c68</load_address>
         <readonly>true</readonly>
         <executable>true</executable>
         <run_address>0x3c68</run_address>
         <size>0x28</size>
         <alignment>0x4</alignment>
         <input_file_ref idref="fl-102"/>
      </object_component>
      <object_component id="oc-198">
         <name>.text.sendData</name>
         <load_address>0x3c90</load_address>
         <readonly>true</readonly>
         <executable>true</executable>
         <run_address>0x3c90</run_address>
         <size>0x28</size>
         <alignment>0x2</alignment>
         <input_file_ref idref="fl-5"/>
      </object_component>
      <object_component id="oc-5a">
         <name>.text:_c_int00_noargs</name>
         <load_address>0x3cb8</load_address>
         <readonly>true</readonly>
         <executable>true</executable>
         <run_address>0x3cb8</run_address>
         <size>0x28</size>
         <alignment>0x4</alignment>
         <input_file_ref idref="fl-37"/>
      </object_component>
      <object_component id="oc-99">
         <name>.text.SYSCFG_DL_init</name>
         <load_address>0x3ce0</load_address>
         <readonly>true</readonly>
         <executable>true</executable>
         <run_address>0x3ce0</run_address>
         <size>0x24</size>
         <alignment>0x2</alignment>
         <input_file_ref idref="fl-2"/>
      </object_component>
      <object_component id="oc-224">
         <name>.text.__muldi3</name>
         <load_address>0x3d04</load_address>
         <readonly>true</readonly>
         <executable>true</executable>
         <run_address>0x3d04</run_address>
         <size>0x24</size>
         <alignment>0x4</alignment>
         <input_file_ref idref="fl-103"/>
      </object_component>
      <object_component id="oc-14b">
         <name>.text.delay_ms</name>
         <load_address>0x3d28</load_address>
         <readonly>true</readonly>
         <executable>true</executable>
         <run_address>0x3d28</run_address>
         <size>0x24</size>
         <alignment>0x4</alignment>
         <input_file_ref idref="fl-6"/>
      </object_component>
      <object_component id="oc-211">
         <name>.text.memccpy</name>
         <load_address>0x3d4c</load_address>
         <readonly>true</readonly>
         <executable>true</executable>
         <run_address>0x3d4c</run_address>
         <size>0x22</size>
         <alignment>0x2</alignment>
         <input_file_ref idref="fl-4e"/>
      </object_component>
      <object_component id="oc-f0">
         <name>.text.DL_GPIO_initPeripheralInputFunction</name>
         <load_address>0x3d70</load_address>
         <readonly>true</readonly>
         <executable>true</executable>
         <run_address>0x3d70</run_address>
         <size>0x20</size>
         <alignment>0x4</alignment>
         <input_file_ref idref="fl-2"/>
      </object_component>
      <object_component id="oc-f9">
         <name>.text.DL_SYSCTL_setFlashWaitState</name>
         <load_address>0x3d90</load_address>
         <readonly>true</readonly>
         <executable>true</executable>
         <run_address>0x3d90</run_address>
         <size>0x20</size>
         <alignment>0x4</alignment>
         <input_file_ref idref="fl-2"/>
      </object_component>
      <object_component id="oc-106">
         <name>.text.DL_SYSCTL_setMFPCLKSource</name>
         <load_address>0x3db0</load_address>
         <readonly>true</readonly>
         <executable>true</executable>
         <run_address>0x3db0</run_address>
         <size>0x20</size>
         <alignment>0x4</alignment>
         <input_file_ref idref="fl-2"/>
      </object_component>
      <object_component id="oc-110">
         <name>.text.DL_UART_setOversampling</name>
         <load_address>0x3dd0</load_address>
         <readonly>true</readonly>
         <executable>true</executable>
         <run_address>0x3dd0</run_address>
         <size>0x1e</size>
         <alignment>0x2</alignment>
         <input_file_ref idref="fl-2"/>
      </object_component>
      <object_component id="oc-26d">
         <name>.text.__ashldi3</name>
         <load_address>0x3df0</load_address>
         <readonly>true</readonly>
         <executable>true</executable>
         <run_address>0x3df0</run_address>
         <size>0x1e</size>
         <alignment>0x4</alignment>
         <input_file_ref idref="fl-10e"/>
      </object_component>
      <object_component id="oc-123">
         <name>.text.DL_ADC12_clearInterruptStatus</name>
         <load_address>0x3e10</load_address>
         <readonly>true</readonly>
         <executable>true</executable>
         <run_address>0x3e10</run_address>
         <size>0x1c</size>
         <alignment>0x4</alignment>
         <input_file_ref idref="fl-2"/>
      </object_component>
      <object_component id="oc-124">
         <name>.text.DL_ADC12_enableInterrupt</name>
         <load_address>0x3e2c</load_address>
         <readonly>true</readonly>
         <executable>true</executable>
         <run_address>0x3e2c</run_address>
         <size>0x1c</size>
         <alignment>0x4</alignment>
         <input_file_ref idref="fl-2"/>
      </object_component>
      <object_component id="oc-12b">
         <name>.text.DL_ADC12_startConversion</name>
         <load_address>0x3e48</load_address>
         <readonly>true</readonly>
         <executable>true</executable>
         <run_address>0x3e48</run_address>
         <size>0x1c</size>
         <alignment>0x4</alignment>
         <input_file_ref idref="fl-8"/>
      </object_component>
      <object_component id="oc-f1">
         <name>.text.DL_GPIO_initPeripheralOutputFunction</name>
         <load_address>0x3e64</load_address>
         <readonly>true</readonly>
         <executable>true</executable>
         <run_address>0x3e64</run_address>
         <size>0x1c</size>
         <alignment>0x4</alignment>
         <input_file_ref idref="fl-2"/>
      </object_component>
      <object_component id="oc-fa">
         <name>.text.DL_SYSCTL_setSYSOSCFreq</name>
         <load_address>0x3e80</load_address>
         <readonly>true</readonly>
         <executable>true</executable>
         <run_address>0x3e80</run_address>
         <size>0x1c</size>
         <alignment>0x4</alignment>
         <input_file_ref idref="fl-2"/>
      </object_component>
      <object_component id="oc-104">
         <name>.text.DL_SYSCTL_setULPCLKDivider</name>
         <load_address>0x3e9c</load_address>
         <readonly>true</readonly>
         <executable>true</executable>
         <run_address>0x3e9c</run_address>
         <size>0x1c</size>
         <alignment>0x4</alignment>
         <input_file_ref idref="fl-2"/>
      </object_component>
      <object_component id="oc-112">
         <name>.text.DL_UART_enableInterrupt</name>
         <load_address>0x3eb8</load_address>
         <readonly>true</readonly>
         <executable>true</executable>
         <run_address>0x3eb8</run_address>
         <size>0x1c</size>
         <alignment>0x4</alignment>
         <input_file_ref idref="fl-2"/>
      </object_component>
      <object_component id="oc-eb">
         <name>.text.DL_ADC12_enablePower</name>
         <load_address>0x3ed4</load_address>
         <readonly>true</readonly>
         <executable>true</executable>
         <run_address>0x3ed4</run_address>
         <size>0x18</size>
         <alignment>0x4</alignment>
         <input_file_ref idref="fl-2"/>
      </object_component>
      <object_component id="oc-e8">
         <name>.text.DL_ADC12_reset</name>
         <load_address>0x3eec</load_address>
         <readonly>true</readonly>
         <executable>true</executable>
         <run_address>0x3eec</run_address>
         <size>0x18</size>
         <alignment>0x4</alignment>
         <input_file_ref idref="fl-2"/>
      </object_component>
      <object_component id="oc-f7">
         <name>.text.DL_GPIO_enableOutput</name>
         <load_address>0x3f04</load_address>
         <readonly>true</readonly>
         <executable>true</executable>
         <run_address>0x3f04</run_address>
         <size>0x18</size>
         <alignment>0x4</alignment>
         <input_file_ref idref="fl-2"/>
      </object_component>
      <object_component id="oc-e9">
         <name>.text.DL_GPIO_enablePower</name>
         <load_address>0x3f1c</load_address>
         <readonly>true</readonly>
         <executable>true</executable>
         <run_address>0x3f1c</run_address>
         <size>0x18</size>
         <alignment>0x4</alignment>
         <input_file_ref idref="fl-2"/>
      </object_component>
      <object_component id="oc-f4">
         <name>.text.DL_GPIO_initDigitalOutput</name>
         <load_address>0x3f34</load_address>
         <readonly>true</readonly>
         <executable>true</executable>
         <run_address>0x3f34</run_address>
         <size>0x18</size>
         <alignment>0x4</alignment>
         <input_file_ref idref="fl-2"/>
      </object_component>
      <object_component id="oc-e6">
         <name>.text.DL_GPIO_reset</name>
         <load_address>0x3f4c</load_address>
         <readonly>true</readonly>
         <executable>true</executable>
         <run_address>0x3f4c</run_address>
         <size>0x18</size>
         <alignment>0x4</alignment>
         <input_file_ref idref="fl-2"/>
      </object_component>
      <object_component id="oc-14a">
         <name>.text.DL_GPIO_setPins</name>
         <load_address>0x3f64</load_address>
         <readonly>true</readonly>
         <executable>true</executable>
         <run_address>0x3f64</run_address>
         <size>0x18</size>
         <alignment>0x4</alignment>
         <input_file_ref idref="fl-8"/>
      </object_component>
      <object_component id="oc-f6">
         <name>.text.DL_GPIO_setPins</name>
         <load_address>0x3f7c</load_address>
         <readonly>true</readonly>
         <executable>true</executable>
         <run_address>0x3f7c</run_address>
         <size>0x18</size>
         <alignment>0x4</alignment>
         <input_file_ref idref="fl-2"/>
      </object_component>
      <object_component id="oc-69">
         <name>.text.DL_GPIO_togglePins</name>
         <load_address>0x3f94</load_address>
         <readonly>true</readonly>
         <executable>true</executable>
         <run_address>0x3f94</run_address>
         <size>0x18</size>
         <alignment>0x4</alignment>
         <input_file_ref idref="fl-1"/>
      </object_component>
      <object_component id="oc-d0">
         <name>.text.DL_GPIO_togglePins</name>
         <load_address>0x3fac</load_address>
         <readonly>true</readonly>
         <executable>true</executable>
         <run_address>0x3fac</run_address>
         <size>0x18</size>
         <alignment>0x4</alignment>
         <input_file_ref idref="fl-8"/>
      </object_component>
      <object_component id="oc-f8">
         <name>.text.DL_SYSCTL_setBORThreshold</name>
         <load_address>0x3fc4</load_address>
         <readonly>true</readonly>
         <executable>true</executable>
         <run_address>0x3fc4</run_address>
         <size>0x18</size>
         <alignment>0x4</alignment>
         <input_file_ref idref="fl-2"/>
      </object_component>
      <object_component id="oc-fd">
         <name>.text.DL_SYSCTL_setHFCLKSourceHFCLKIN</name>
         <load_address>0x3fdc</load_address>
         <readonly>true</readonly>
         <executable>true</executable>
         <run_address>0x3fdc</run_address>
         <size>0x18</size>
         <alignment>0x4</alignment>
         <input_file_ref idref="fl-2"/>
      </object_component>
      <object_component id="oc-ea">
         <name>.text.DL_UART_enablePower</name>
         <load_address>0x3ff4</load_address>
         <readonly>true</readonly>
         <executable>true</executable>
         <run_address>0x3ff4</run_address>
         <size>0x18</size>
         <alignment>0x4</alignment>
         <input_file_ref idref="fl-2"/>
      </object_component>
      <object_component id="oc-1d9">
         <name>.text.DL_UART_isBusy</name>
         <load_address>0x400c</load_address>
         <readonly>true</readonly>
         <executable>true</executable>
         <run_address>0x400c</run_address>
         <size>0x18</size>
         <alignment>0x4</alignment>
         <input_file_ref idref="fl-5"/>
      </object_component>
      <object_component id="oc-e7">
         <name>.text.DL_UART_reset</name>
         <load_address>0x4024</load_address>
         <readonly>true</readonly>
         <executable>true</executable>
         <run_address>0x4024</run_address>
         <size>0x18</size>
         <alignment>0x4</alignment>
         <input_file_ref idref="fl-2"/>
      </object_component>
      <object_component id="oc-1dc">
         <name>.text._outs</name>
         <load_address>0x403c</load_address>
         <readonly>true</readonly>
         <executable>true</executable>
         <run_address>0x403c</run_address>
         <size>0x18</size>
         <alignment>0x2</alignment>
         <input_file_ref idref="fl-2f"/>
      </object_component>
      <object_component id="oc-80">
         <name>.text.main</name>
         <load_address>0x4054</load_address>
         <readonly>true</readonly>
         <executable>true</executable>
         <run_address>0x4054</run_address>
         <size>0x18</size>
         <alignment>0x2</alignment>
         <input_file_ref idref="fl-1"/>
      </object_component>
      <object_component id="oc-12a">
         <name>.text.DL_ADC12_enableConversions</name>
         <load_address>0x406c</load_address>
         <readonly>true</readonly>
         <executable>true</executable>
         <run_address>0x406c</run_address>
         <size>0x16</size>
         <alignment>0x2</alignment>
         <input_file_ref idref="fl-8"/>
      </object_component>
      <object_component id="oc-125">
         <name>.text.DL_ADC12_enableConversions</name>
         <load_address>0x4082</load_address>
         <readonly>true</readonly>
         <executable>true</executable>
         <run_address>0x4082</run_address>
         <size>0x16</size>
         <alignment>0x2</alignment>
         <input_file_ref idref="fl-2"/>
      </object_component>
      <object_component id="oc-128">
         <name>.text.DL_GPIO_readPins</name>
         <load_address>0x4098</load_address>
         <readonly>true</readonly>
         <executable>true</executable>
         <run_address>0x4098</run_address>
         <size>0x16</size>
         <alignment>0x2</alignment>
         <input_file_ref idref="fl-4"/>
      </object_component>
      <object_component id="oc-61">
         <name>.text.DL_GPIO_readPins</name>
         <load_address>0x40ae</load_address>
         <readonly>true</readonly>
         <executable>true</executable>
         <run_address>0x40ae</run_address>
         <size>0x16</size>
         <alignment>0x2</alignment>
         <input_file_ref idref="fl-6"/>
      </object_component>
      <object_component id="oc-114">
         <name>.text.DL_UART_enable</name>
         <load_address>0x40c4</load_address>
         <readonly>true</readonly>
         <executable>true</executable>
         <run_address>0x40c4</run_address>
         <size>0x16</size>
         <alignment>0x2</alignment>
         <input_file_ref idref="fl-2"/>
      </object_component>
      <object_component id="oc-1da">
         <name>.text.DL_UART_transmitData</name>
         <load_address>0x40da</load_address>
         <readonly>true</readonly>
         <executable>true</executable>
         <run_address>0x40da</run_address>
         <size>0x16</size>
         <alignment>0x2</alignment>
         <input_file_ref idref="fl-5"/>
      </object_component>
      <object_component id="oc-51">
         <name>.text:decompress:ZI:__TI_zero_init_nomemset</name>
         <load_address>0x40f0</load_address>
         <readonly>true</readonly>
         <executable>true</executable>
         <run_address>0x40f0</run_address>
         <size>0x16</size>
         <alignment>0x2</alignment>
         <input_file_ref idref="fl-3c"/>
      </object_component>
      <object_component id="oc-149">
         <name>.text.DL_GPIO_clearPins</name>
         <load_address>0x4106</load_address>
         <readonly>true</readonly>
         <executable>true</executable>
         <run_address>0x4106</run_address>
         <size>0x14</size>
         <alignment>0x2</alignment>
         <input_file_ref idref="fl-8"/>
      </object_component>
      <object_component id="oc-f5">
         <name>.text.DL_GPIO_clearPins</name>
         <load_address>0x411a</load_address>
         <readonly>true</readonly>
         <executable>true</executable>
         <run_address>0x411a</run_address>
         <size>0x14</size>
         <alignment>0x2</alignment>
         <input_file_ref idref="fl-2"/>
      </object_component>
      <object_component id="oc-fc">
         <name>.text.DL_SYSCTL_disableSYSPLL</name>
         <load_address>0x4130</load_address>
         <readonly>true</readonly>
         <executable>true</executable>
         <run_address>0x4130</run_address>
         <size>0x14</size>
         <alignment>0x4</alignment>
         <input_file_ref idref="fl-2"/>
      </object_component>
      <object_component id="oc-6e">
         <name>.text.DL_UART_receiveData</name>
         <load_address>0x4144</load_address>
         <readonly>true</readonly>
         <executable>true</executable>
         <run_address>0x4144</run_address>
         <size>0x14</size>
         <alignment>0x4</alignment>
         <input_file_ref idref="fl-1"/>
      </object_component>
      <object_component id="oc-229">
         <name>.text.__aeabi_uldivmod</name>
         <load_address>0x4158</load_address>
         <readonly>true</readonly>
         <executable>true</executable>
         <run_address>0x4158</run_address>
         <size>0x14</size>
         <alignment>0x4</alignment>
         <input_file_ref idref="fl-10b"/>
      </object_component>
      <object_component id="oc-25b">
         <name>.text.strchr</name>
         <load_address>0x416c</load_address>
         <readonly>true</readonly>
         <executable>true</executable>
         <run_address>0x416c</run_address>
         <size>0x14</size>
         <alignment>0x2</alignment>
         <input_file_ref idref="fl-40"/>
      </object_component>
      <object_component id="oc-1a8">
         <name>.text.strchr</name>
         <load_address>0x4180</load_address>
         <readonly>true</readonly>
         <executable>true</executable>
         <run_address>0x4180</run_address>
         <size>0x14</size>
         <alignment>0x2</alignment>
         <input_file_ref idref="fl-35"/>
      </object_component>
      <object_component id="oc-68">
         <name>.text.DL_ADC12_getPendingInterrupt</name>
         <load_address>0x4194</load_address>
         <readonly>true</readonly>
         <executable>true</executable>
         <run_address>0x4194</run_address>
         <size>0x12</size>
         <alignment>0x2</alignment>
         <input_file_ref idref="fl-1"/>
      </object_component>
      <object_component id="oc-6d">
         <name>.text.DL_UART_getPendingInterrupt</name>
         <load_address>0x41a6</load_address>
         <readonly>true</readonly>
         <executable>true</executable>
         <run_address>0x41a6</run_address>
         <size>0x12</size>
         <alignment>0x2</alignment>
         <input_file_ref idref="fl-1"/>
      </object_component>
      <object_component id="oc-109">
         <name>.text.DL_UART_setClockConfig</name>
         <load_address>0x41b8</load_address>
         <readonly>true</readonly>
         <executable>true</executable>
         <run_address>0x41b8</run_address>
         <size>0x12</size>
         <alignment>0x2</alignment>
         <input_file_ref idref="fl-18"/>
      </object_component>
      <object_component id="oc-8f">
         <name>.text:TI_memcpy_small</name>
         <load_address>0x41ca</load_address>
         <readonly>true</readonly>
         <executable>true</executable>
         <run_address>0x41ca</run_address>
         <size>0x12</size>
         <alignment>0x1</alignment>
         <input_file_ref idref="fl-112"/>
      </object_component>
      <object_component id="oc-20">
         <name>.text:decompress:none</name>
         <load_address>0x41dc</load_address>
         <readonly>true</readonly>
         <executable>true</executable>
         <run_address>0x41dc</run_address>
         <size>0x12</size>
         <alignment>0x2</alignment>
         <input_file_ref idref="fl-3d"/>
      </object_component>
      <object_component id="oc-fb">
         <name>.text.DL_SYSCTL_disableHFXT</name>
         <load_address>0x41f0</load_address>
         <readonly>true</readonly>
         <executable>true</executable>
         <run_address>0x41f0</run_address>
         <size>0x10</size>
         <alignment>0x4</alignment>
         <input_file_ref idref="fl-2"/>
      </object_component>
      <object_component id="oc-105">
[...]
         <object_component_ref idref="oc-154"/>
      </symbol>
      <symbol id="sm-1f6">
         <name>mapFreqToX</name>
         <value>0x31b9</value>
         <object_component_ref idref="oc-155"/>
      </symbol>
      <symbol id="sm-1f7">
         <name>mapGainToY</name>
         <value>0x30fd</value>
         <object_component_ref idref="oc-156"/>
      </symbol>
      <symbol id="sm-1f8">
         <name>get_3dbcutoff_freq</name>
         <value>0x2811</value>
         <object_component_ref idref="oc-15d"/>
      </symbol>
      <symbol id="sm-1f9">
         <name>Param_update</name>
         <value>0x29f5</value>
         <object_component_ref idref="oc-15e"/>
      </symbol>
      <symbol id="sm-1fa">
         <name>BTNScan</name>
         <value>0x2b11</value>
         <object_component_ref idref="oc-9e"/>
      </symbol>
      <symbol id="sm-1fb">
         <name>__TI_ATRegion0_src_addr</name>
         <value>0x0</value>
      </symbol>
      <symbol id="sm-1fc">
         <name>__TI_ATRegion0_trg_addr</name>
         <value>0x0</value>
      </symbol>
      <symbol id="sm-1fd">
         <name>__TI_ATRegion0_region_sz</name>
         <value>0x0</value>
      </symbol>
      <symbol id="sm-1fe">
         <name>__TI_ATRegion1_src_addr</name>
         <value>0x0</value>
      </symbol>
      <symbol id="sm-1ff">
         <name>__TI_ATRegion1_trg_addr</name>
         <value>0x0</value>
      </symbol>
      <symbol id="sm-200">
         <name>__TI_ATRegion1_region_sz</name>
         <value>0x0</value>
      </symbol>
      <symbol id="sm-201">
         <name>__TI_ATRegion2_src_addr</name>
         <value>0x0</value>
      </symbol>
      <symbol id="sm-202">
         <name>__TI_ATRegion2_trg_addr</name>
         <value>0x0</value>
      </symbol>
      <symbol id="sm-203">
         <name>__TI_ATRegion2_region_sz</name>
         <value>0x0</value>
      </symbol>
      <symbol id="sm-20e">
         <name>DL_ADC12_setClockConfig</name>
         <value>0x3661</value>
         <object_component_ref idref="oc-11b"/>
      </symbol>
      <symbol id="sm-217">
         <name>DL_Common_delayCycles</name>
         <value>0x425b</value>
         <object_component_ref idref="oc-ec"/>
      </symbol>
      <symbol id="sm-224">
         <name>DL_UART_init</name>
         <value>0x3595</value>
         <object_component_ref idref="oc-10f"/>
      </symbol>
      <symbol id="sm-225">
         <name>DL_UART_setClockConfig</name>
         <value>0x41b9</value>
         <object_component_ref idref="oc-109"/>
      </symbol>
      <symbol id="sm-233">
         <name>DL_SYSCTL_configSYSPLL</name>
         <value>0x24d5</value>
         <object_component_ref idref="oc-fe"/>
      </symbol>
      <symbol id="sm-234">
         <name>DL_SYSCTL_switchMCLKfromSYSOSCtoHSCLK</name>
         <value>0x35dd</value>
         <object_component_ref idref="oc-107"/>
      </symbol>
      <symbol id="sm-242">
         <name>log10f</name>
         <value>0x1881</value>
         <object_component_ref idref="oc-1ac"/>
      </symbol>
      <symbol id="sm-253">
         <name>sprintf</name>
         <value>0x39f9</value>
         <object_component_ref idref="oc-19b"/>
      </symbol>
      <symbol id="sm-264">
         <name>log10</name>
         <value>0xdf1</value>
         <object_component_ref idref="oc-185"/>
      </symbol>
      <symbol id="sm-265">
         <name>log10l</name>
         <value>0xdf1</value>
         <object_component_ref idref="oc-185"/>
      </symbol>
      <symbol id="sm-270">
         <name>__aeabi_errno_addr</name>
         <value>0x42b9</value>
         <object_component_ref idref="oc-1cf"/>
      </symbol>
      <symbol id="sm-271">
         <name>__aeabi_errno</name>
         <value>0x202002b0</value>
         <object_component_ref idref="oc-1fe"/>
      </symbol>
      <symbol id="sm-27d">
         <name>strchr</name>
         <value>0x4181</value>
         <object_component_ref idref="oc-1a8"/>
      </symbol>
      <symbol id="sm-28f">
         <name>strtof</name>
         <value>0xa91</value>
         <object_component_ref idref="oc-1a2"/>
      </symbol>
      <symbol id="sm-29a">
         <name>_c_int00_noargs</name>
         <value>0x3cb9</value>
         <object_component_ref idref="oc-5a"/>
      </symbol>
      <symbol id="sm-29b">
         <name>__stack</name>
         <value>0x20207e00</value>
         <object_component_ref idref="oc-1a"/>
      </symbol>
      <symbol id="sm-2a7">
         <name>__TI_auto_init_nobinit_nopinit</name>
         <value>0x38d5</value>
         <object_component_ref idref="oc-ab"/>
      </symbol>
      <symbol id="sm-2af">
         <name>_system_pre_init</name>
         <value>0x42e9</value>
         <object_component_ref idref="oc-7c"/>
      </symbol>
      <symbol id="sm-2ba">
         <name>__TI_zero_init_nomemset</name>
         <value>0x40f1</value>
         <object_component_ref idref="oc-51"/>
      </symbol>
      <symbol id="sm-2c3">
         <name>__TI_decompress_none</name>
         <value>0x41dd</value>
         <object_component_ref idref="oc-20"/>
      </symbol>
      <symbol id="sm-2ce">
         <name>__TI_decompress_lzss</name>
         <value>0x2d9d</value>
         <object_component_ref idref="oc-1c"/>
      </symbol>
      <symbol id="sm-2d8">
         <name>scalbnf</name>
         <value>0x2761</value>
         <object_component_ref idref="oc-1e1"/>
      </symbol>
      <symbol id="sm-2d9">
         <name>ldexpf</name>
         <value>0x2761</value>
         <object_component_ref idref="oc-1e1"/>
      </symbol>
      <symbol id="sm-322">
         <name>__TI_printfi</name>
         <value>0xc1</value>
         <object_component_ref idref="oc-209"/>
      </symbol>
      <symbol id="sm-32f">
         <name>wcslen</name>
         <value>0x4221</value>
         <object_component_ref idref="oc-220"/>
      </symbol>
      <symbol id="sm-339">
         <name>frexp</name>
         <value>0x315d</value>
         <object_component_ref idref="oc-24a"/>
      </symbol>
      <symbol id="sm-33a">
         <name>frexpl</name>
         <value>0x315d</value>
         <object_component_ref idref="oc-24a"/>
      </symbol>
      <symbol id="sm-344">
         <name>scalbn</name>
         <value>0x25b1</value>
         <object_component_ref idref="oc-24e"/>
      </symbol>
      <symbol id="sm-345">
         <name>ldexp</name>
         <value>0x25b1</value>
         <object_component_ref idref="oc-24e"/>
      </symbol>
      <symbol id="sm-346">
         <name>scalbnl</name>
         <value>0x25b1</value>
         <object_component_ref idref="oc-24e"/>
      </symbol>
      <symbol id="sm-347">
         <name>ldexpl</name>
         <value>0x25b1</value>
         <object_component_ref idref="oc-24e"/>
      </symbol>
      <symbol id="sm-348">
         <name>__aeabi_ctype_table_</name>
         <value>0x42f0</value>
         <object_component_ref idref="oc-1e5"/>
      </symbol>
      <symbol id="sm-349">
         <name>__aeabi_ctype_table_C</name>
         <value>0x42f0</value>
         <object_component_ref idref="oc-1e5"/>
      </symbol>
      <symbol id="sm-353">
         <name>abort</name>
         <value>0x42ed</value>
         <object_component_ref idref="oc-a4"/>
      </symbol>
      <symbol id="sm-354">
         <name>C$$EXIT</name>
         <value>0x42ec</value>
         <object_component_ref idref="oc-a4"/>
      </symbol>
      <symbol id="sm-35e">
         <name>__TI_ltoa</name>
         <value>0x3215</value>
         <object_component_ref idref="oc-256"/>
      </symbol>
      <symbol id="sm-369">
         <name>atoi</name>
         <value>0x37a1</value>
         <object_component_ref idref="oc-21c"/>
      </symbol>
      <symbol id="sm-372">
         <name>memccpy</name>
         <value>0x3d4d</value>
         <object_component_ref idref="oc-211"/>
      </symbol>
      <symbol id="sm-38a">
         <name>__aeabi_fadd</name>
         <value>0x2693</value>
         <object_component_ref idref="oc-13a"/>
      </symbol>
      <symbol id="sm-38b">
         <name>__addsf3</name>
         <value>0x2693</value>
         <object_component_ref idref="oc-13a"/>
      </symbol>
      <symbol id="sm-38c">
         <name>__aeabi_fsub</name>
         <value>0x2689</value>
         <object_component_ref idref="oc-13a"/>
      </symbol>
      <symbol id="sm-38d">
         <name>__subsf3</name>
         <value>0x2689</value>
         <object_component_ref idref="oc-13a"/>
      </symbol>
      <symbol id="sm-393">
         <name>__aeabi_dadd</name>
         <value>0x1a1f</value>
         <object_component_ref idref="oc-18f"/>
      </symbol>
      <symbol id="sm-394">
         <name>__adddf3</name>
         <value>0x1a1f</value>
         <object_component_ref idref="oc-18f"/>
      </symbol>
      <symbol id="sm-395">
         <name>__aeabi_dsub</name>
         <value>0x1a15</value>
         <object_component_ref idref="oc-18f"/>
      </symbol>
      <symbol id="sm-396">
         <name>__subdf3</name>
         <value>0x1a15</value>
         <object_component_ref idref="oc-18f"/>
      </symbol>
      <symbol id="sm-39f">
         <name>__aeabi_dmul</name>
         <value>0x2311</value>
         <object_component_ref idref="oc-18b"/>
      </symbol>
      <symbol id="sm-3a0">
         <name>__muldf3</name>
         <value>0x2311</value>
         <object_component_ref idref="oc-18b"/>
      </symbol>
      <symbol id="sm-3a9">
         <name>__muldsi3</name>
         <value>0x394d</value>
         <object_component_ref idref="oc-17b"/>
      </symbol>
      <symbol id="sm-3af">
         <name>__aeabi_fmul</name>
         <value>0x2a85</value>
         <object_component_ref idref="oc-131"/>
      </symbol>
      <symbol id="sm-3b0">
         <name>__mulsf3</name>
         <value>0x2a85</value>
         <object_component_ref idref="oc-131"/>
      </symbol>
      <symbol id="sm-3b9">
         <name>__aeabi_fdiv</name>
         <value>0x2c9d</value>
         <object_component_ref idref="oc-135"/>
      </symbol>
      <symbol id="sm-3ba">
         <name>__divsf3</name>
         <value>0x2c9d</value>
         <object_component_ref idref="oc-135"/>
      </symbol>
      <symbol id="sm-3c0">
         <name>__aeabi_ddiv</name>
         <value>0x1f15</value>
         <object_component_ref idref="oc-1c9"/>
      </symbol>
      <symbol id="sm-3c1">
         <name>__divdf3</name>
         <value>0x1f15</value>
         <object_component_ref idref="oc-1c9"/>
      </symbol>
      <symbol id="sm-3c7">
         <name>__aeabi_f2d</name>
         <value>0x3761</value>
         <object_component_ref idref="oc-181"/>
      </symbol>
      <symbol id="sm-3c8">
         <name>__extendsfdf2</name>
         <value>0x3761</value>
         <object_component_ref idref="oc-181"/>
      </symbol>
      <symbol id="sm-3ce">
         <name>__aeabi_d2iz</name>
         <value>0x3549</value>
         <object_component_ref idref="oc-252"/>
      </symbol>
      <symbol id="sm-3cf">
         <name>__fixdfsi</name>
         <value>0x3549</value>
         <object_component_ref idref="oc-252"/>
      </symbol>
      <symbol id="sm-3d5">
         <name>__aeabi_f2iz</name>
         <value>0x3989</value>
         <object_component_ref idref="oc-1b2"/>
      </symbol>
      <symbol id="sm-3d6">
         <name>__fixsfsi</name>
         <value>0x3989</value>
         <object_component_ref idref="oc-1b2"/>
      </symbol>
      <symbol id="sm-3dc">
         <name>__aeabi_i2d</name>
         <value>0x3be9</value>
         <object_component_ref idref="oc-1c5"/>
      </symbol>
      <symbol id="sm-3dd">
         <name>__floatsidf</name>
         <value>0x3be9</value>
         <object_component_ref idref="oc-1c5"/>
      </symbol>
      <symbol id="sm-3e3">
         <name>__aeabi_i2f</name>
         <value>0x3821</value>
         <object_component_ref idref="oc-1ed"/>
      </symbol>
      <symbol id="sm-3e4">
         <name>__floatsisf</name>
         <value>0x3821</value>
         <object_component_ref idref="oc-1ed"/>
      </symbol>
      <symbol id="sm-3ea">
         <name>__aeabi_ui2f</name>
         <value>0x3c69</value>
         <object_component_ref idref="oc-12d"/>
      </symbol>
      <symbol id="sm-3eb">
         <name>__floatunsisf</name>
         <value>0x3c69</value>
         <object_component_ref idref="oc-12d"/>
      </symbol>
      <symbol id="sm-3f1">
         <name>__aeabi_lmul</name>
         <value>0x3d05</value>
         <object_component_ref idref="oc-224"/>
      </symbol>
      <symbol id="sm-3f2">
         <name>__muldi3</name>
         <value>0x3d05</value>
         <object_component_ref idref="oc-224"/>
      </symbol>
      <symbol id="sm-3f9">
         <name>__aeabi_d2f</name>
         <value>0x2e91</value>
         <object_component_ref idref="oc-193"/>
      </symbol>
      <symbol id="sm-3fa">
         <name>__truncdfsf2</name>
         <value>0x2e91</value>
         <object_component_ref idref="oc-193"/>
      </symbol>
      <symbol id="sm-400">
         <name>__aeabi_dcmpeq</name>
         <value>0x2fd5</value>
         <object_component_ref idref="oc-22e"/>
      </symbol>
      <symbol id="sm-401">
         <name>__aeabi_dcmplt</name>
         <value>0x2fe9</value>
         <object_component_ref idref="oc-22e"/>
      </symbol>
      <symbol id="sm-402">
         <name>__aeabi_dcmple</name>
         <value>0x2ffd</value>
         <object_component_ref idref="oc-22e"/>
      </symbol>
      <symbol id="sm-403">
         <name>__aeabi_dcmpge</name>
         <value>0x3011</value>
         <object_component_ref idref="oc-22e"/>
      </symbol>
      <symbol id="sm-404">
         <name>__aeabi_dcmpgt</name>
         <value>0x3025</value>
         <object_component_ref idref="oc-22e"/>
      </symbol>
      <symbol id="sm-40a">
         <name>__aeabi_fcmpeq</name>
         <value>0x3039</value>
         <object_component_ref idref="oc-1b6"/>
      </symbol>
      <symbol id="sm-40b">
         <name>__aeabi_fcmplt</name>
         <value>0x304d</value>
         <object_component_ref idref="oc-1b6"/>
      </symbol>
      <symbol id="sm-40c">
         <name>__aeabi_fcmple</name>
         <value>0x3061</value>
         <object_component_ref idref="oc-1b6"/>
      </symbol>
      <symbol id="sm-40d">
         <name>__aeabi_fcmpge</name>
         <value>0x3075</value>
         <object_component_ref idref="oc-1b6"/>
      </symbol>
      <symbol id="sm-40e">
         <name>__aeabi_fcmpgt</name>
         <value>0x3089</value>
         <object_component_ref idref="oc-1b6"/>
      </symbol>
      <symbol id="sm-414">
         <name>__aeabi_idiv</name>
         <value>0x32c5</value>
         <object_component_ref idref="oc-279"/>
      </symbol>
      <symbol id="sm-415">
         <name>__aeabi_idivmod</name>
         <value>0x32c5</value>
         <object_component_ref idref="oc-279"/>
      </symbol>
      <symbol id="sm-41b">
         <name>__aeabi_memcpy</name>
         <value>0x42c1</value>
         <object_component_ref idref="oc-4a"/>
      </symbol>
      <symbol id="sm-41c">
         <name>__aeabi_memcpy4</name>
         <value>0x42c1</value>
         <object_component_ref idref="oc-4a"/>
      </symbol>
      <symbol id="sm-41d">
         <name>__aeabi_memcpy8</name>
         <value>0x42c1</value>
         <object_component_ref idref="oc-4a"/>
      </symbol>
      <symbol id="sm-424">
         <name>__aeabi_memset</name>
         <value>0x4231</value>
         <object_component_ref idref="oc-210"/>
      </symbol>
      <symbol id="sm-425">
         <name>__aeabi_memset4</name>
         <value>0x4231</value>
         <object_component_ref idref="oc-210"/>
      </symbol>
      <symbol id="sm-426">
         <name>__aeabi_memset8</name>
         <value>0x4231</value>
         <object_component_ref idref="oc-210"/>
      </symbol>
      <symbol id="sm-42c">
         <name>__aeabi_uidiv</name>
         <value>0x3721</value>
         <object_component_ref idref="oc-216"/>
      </symbol>
      <symbol id="sm-42d">
         <name>__aeabi_uidivmod</name>
         <value>0x3721</value>
         <object_component_ref idref="oc-216"/>
      </symbol>
      <symbol id="sm-433">
         <name>__aeabi_uldivmod</name>
         <value>0x4159</value>
         <object_component_ref idref="oc-229"/>
      </symbol>
      <symbol id="sm-43c">
         <name>__eqsf2</name>
         <value>0x3911</value>
         <object_component_ref idref="oc-1f5"/>
      </symbol>
      <symbol id="sm-43d">
         <name>__lesf2</name>
         <value>0x3911</value>
         <object_component_ref idref="oc-1f5"/>
      </symbol>
      <symbol id="sm-43e">
         <name>__ltsf2</name>
         <value>0x3911</value>
         <object_component_ref idref="oc-1f5"/>
      </symbol>
      <symbol id="sm-43f">
         <name>__nesf2</name>
         <value>0x3911</value>
         <object_component_ref idref="oc-1f5"/>
      </symbol>
      <symbol id="sm-440">
         <name>__cmpsf2</name>
         <value>0x3911</value>
         <object_component_ref idref="oc-1f5"/>
      </symbol>
      <symbol id="sm-441">
         <name>__gtsf2</name>
         <value>0x385d</value>
         <object_component_ref idref="oc-1fa"/>
      </symbol>
      <symbol id="sm-442">
         <name>__gesf2</name>
         <value>0x385d</value>
         <object_component_ref idref="oc-1fa"/>
      </symbol>
      <symbol id="sm-448">
         <name>__udivmoddi4</name>
         <value>0x28b5</value>
         <object_component_ref idref="oc-245"/>
      </symbol>
      <symbol id="sm-44e">
         <name>__aeabi_llsl</name>
         <value>0x3df1</value>
         <object_component_ref idref="oc-26d"/>
      </symbol>
      <symbol id="sm-44f">
         <name>__ashldi3</name>
         <value>0x3df1</value>
         <object_component_ref idref="oc-26d"/>
      </symbol>
      <symbol id="sm-45d">
         <name>__ledf2</name>
         <value>0x2f05</value>
         <object_component_ref idref="oc-25f"/>
      </symbol>
      <symbol id="sm-45e">
         <name>__gedf2</name>
         <value>0x2e19</value>
         <object_component_ref idref="oc-265"/>
      </symbol>
      <symbol id="sm-45f">
         <name>__cmpdf2</name>
         <value>0x2f05</value>
         <object_component_ref idref="oc-25f"/>
      </symbol>
      <symbol id="sm-460">
         <name>__eqdf2</name>
         <value>0x2f05</value>
         <object_component_ref idref="oc-25f"/>
      </symbol>
      <symbol id="sm-461">
         <name>__ltdf2</name>
         <value>0x2f05</value>
         <object_component_ref idref="oc-25f"/>
      </symbol>
      <symbol id="sm-462">
         <name>__nedf2</name>
         <value>0x2f05</value>
         <object_component_ref idref="oc-25f"/>
      </symbol>
      <symbol id="sm-463">
         <name>__gtdf2</name>
         <value>0x2e19</value>
         <object_component_ref idref="oc-265"/>
      </symbol>
      <symbol id="sm-46f">
         <name>__aeabi_idiv0</name>
         <value>0x1ba7</value>
         <object_component_ref idref="oc-238"/>
      </symbol>
      <symbol id="sm-470">
         <name>__aeabi_ldiv0</name>
         <value>0x2957</value>
         <object_component_ref idref="oc-26c"/>
      </symbol>
      <symbol id="sm-47a">
         <name>TI_memcpy_small</name>
         <value>0x41cb</value>
         <object_component_ref idref="oc-8f"/>
      </symbol>
      <symbol id="sm-483">
         <name>TI_memset_small</name>
         <value>0x424d</value>
         <object_component_ref idref="oc-be"/>
      </symbol>
      <symbol id="sm-484">
         <name>__TI_static_base__</name>
         <value>0x0</value>
      </symbol>
      <symbol id="sm-488">
         <name>__mpu_init</name>
         <value>0x0</value>
      </symbol>
      <symbol id="sm-489">
         <name>_system_post_cinit</name>
         <value>0x0</value>
      </symbol>
   </symbol_table>
   <title>Link successful</title>
</link_info>
